Archive member included to satisfy reference by file (symbol)

c:/program files (x86)/atmel/studio/7.0/toolchain/avr8/avr8-gnu-toolchain/bin/../lib/gcc/avr/5.4.0/avr5\libgcc.a(_udivmodhi4.o)
                              ECUAL/LED/LED.o (__udivmodhi4)
c:/program files (x86)/atmel/studio/7.0/toolchain/avr8/avr8-gnu-toolchain/bin/../lib/gcc/avr/5.4.0/avr5\libgcc.a(_udivmodsi4.o)
                              ECUAL/LED/LED.o (__udivmodsi4)
c:/program files (x86)/atmel/studio/7.0/toolchain/avr8/avr8-gnu-toolchain/bin/../lib/gcc/avr/5.4.0/avr5\libgcc.a(_divmodsi4.o)
                              Services/FreeRTOS/src/integer.o (__divmodsi4)
c:/program files (x86)/atmel/studio/7.0/toolchain/avr8/avr8-gnu-toolchain/bin/../lib/gcc/avr/5.4.0/avr5\libgcc.a(_negsi2.o)
                              c:/program files (x86)/atmel/studio/7.0/toolchain/avr8/avr8-gnu-toolchain/bin/../lib/gcc/avr/5.4.0/avr5\libgcc.a(_divmodsi4.o) (__negsi2)
c:/program files (x86)/atmel/studio/7.0/toolchain/avr8/avr8-gnu-toolchain/bin/../lib/gcc/avr/5.4.0/avr5\libgcc.a(_exit.o)
                              C:/Program Files (x86)/Atmel/Studio/7.0/Packs/atmel/ATmega_DFP/1.6.364/gcc/dev/atmega32/avr5/crtatmega32.o (exit)
c:/program files (x86)/atmel/studio/7.0/toolchain/avr8/avr8-gnu-toolchain/bin/../lib/gcc/avr/5.4.0/avr5\libgcc.a(_tablejump2.o)
                              APP/M2M_Master/Bluetooth_Task/T_Bluetooth.o (__tablejump2__)
c:/program files (x86)/atmel/studio/7.0/toolchain/avr8/avr8-gnu-toolchain/bin/../lib/gcc/avr/5.4.0/avr5\libgcc.a(_copy_data.o)
                              APP/M2M_Master/Keypad_Task/T_Keypad.o (__do_copy_data)
c:/program files (x86)/atmel/studio/7.0/toolchain/avr8/avr8-gnu-toolchain/bin/../lib/gcc/avr/5.4.0/avr5\libgcc.a(_clear_bss.o)
                              APP/M2M_Master/Bluetooth_Task/T_Bluetooth.o (__do_clear_bss)
c:/program files (x86)/atmel/studio/7.0/toolchain/avr8/avr8-gnu-toolchain/bin/../lib/gcc/avr/5.4.0/avr5\libgcc.a(_umulhisi3.o)
                              APP/M2M_Master/LED_Task/T_LED.o (__umulhisi3)
c:/program files (x86)/atmel/studio/7.0/toolchain/avr8/avr8-gnu-toolchain/bin/../lib/gcc/avr/5.4.0/avr5\libgcc.a(_muluhisi3.o)
                              MCAL/PWM/PWM.o (__muluhisi3)
c:/program files (x86)/atmel/studio/7.0/toolchain/avr8/avr8-gnu-toolchain/bin/../lib/gcc/avr/5.4.0/../../../../avr/lib/avr5\libc.a(memcpy.o)
                              Services/FreeRTOS/src/queue.o (memcpy)

Allocating common symbols
Common symbol       size              file

th_Keypad_Task      0x2               main.o
th_test             0x2               main.o
th_Display_Task     0x2               main.o
th_LED_Task         0x2               main.o

Discarded input sections

 .data          0x00000000        0x0 C:/Program Files (x86)/Atmel/Studio/7.0/Packs/atmel/ATmega_DFP/1.6.364/gcc/dev/atmega32/avr5/crtatmega32.o
 .bss           0x00000000        0x0 C:/Program Files (x86)/Atmel/Studio/7.0/Packs/atmel/ATmega_DFP/1.6.364/gcc/dev/atmega32/avr5/crtatmega32.o
 .text          0x00000000        0x0 APP/M2M_Master/Bluetooth_Task/T_Bluetooth.o
 .data          0x00000000        0x0 APP/M2M_Master/Bluetooth_Task/T_Bluetooth.o
 .bss           0x00000000        0x0 APP/M2M_Master/Bluetooth_Task/T_Bluetooth.o
 .text.T_BT_SetState
                0x00000000       0x10 APP/M2M_Master/Bluetooth_Task/T_Bluetooth.o
 .text.T_BT_GetState
                0x00000000       0x14 APP/M2M_Master/Bluetooth_Task/T_Bluetooth.o
 .text.T_BT_SetConfig
                0x00000000       0x1c APP/M2M_Master/Bluetooth_Task/T_Bluetooth.o
 .text.T_BT_GetConfig
                0x00000000       0x1c APP/M2M_Master/Bluetooth_Task/T_Bluetooth.o
 .text.T_BT_GetMACAddress
                0x00000000        0xc APP/M2M_Master/Bluetooth_Task/T_Bluetooth.o
 .text.T_BT_UpdateDataBuffer
                0x00000000       0x26 APP/M2M_Master/Bluetooth_Task/T_Bluetooth.o
 .text.T_BT_GetDataBuffer
                0x00000000       0x28 APP/M2M_Master/Bluetooth_Task/T_Bluetooth.o
 .text.Bluetooth_Master_Task
                0x00000000      0x3b2 APP/M2M_Master/Bluetooth_Task/T_Bluetooth.o
 .progmem.gcc_sw_table.Bluetooth_Master_Task
                0x00000000       0x1a APP/M2M_Master/Bluetooth_Task/T_Bluetooth.o
 .bss.genuCRCCheckStatus
                0x00000000        0x1 APP/M2M_Master/Bluetooth_Task/T_Bluetooth.o
 .bss.gu16CRC   0x00000000        0x2 APP/M2M_Master/Bluetooth_Task/T_Bluetooth.o
 .bss.gu8BTDataBuffer
                0x00000000       0x64 APP/M2M_Master/Bluetooth_Task/T_Bluetooth.o
 .bss.genuBTMState
                0x00000000        0x1 APP/M2M_Master/Bluetooth_Task/T_Bluetooth.o
 .bss.garrBTDeviceMACAdd
                0x00000000       0x14 APP/M2M_Master/Bluetooth_Task/T_Bluetooth.o
 .bss.gstrBTConfig
                0x00000000        0x6 APP/M2M_Master/Bluetooth_Task/T_Bluetooth.o
 .debug_info    0x00000000      0x966 APP/M2M_Master/Bluetooth_Task/T_Bluetooth.o
 .debug_abbrev  0x00000000      0x148 APP/M2M_Master/Bluetooth_Task/T_Bluetooth.o
 .debug_loc     0x00000000      0x54b APP/M2M_Master/Bluetooth_Task/T_Bluetooth.o
 .debug_aranges
                0x00000000       0x58 APP/M2M_Master/Bluetooth_Task/T_Bluetooth.o
 .debug_ranges  0x00000000       0x48 APP/M2M_Master/Bluetooth_Task/T_Bluetooth.o
 .debug_line    0x00000000      0x5f9 APP/M2M_Master/Bluetooth_Task/T_Bluetooth.o
 .debug_str     0x00000000      0x562 APP/M2M_Master/Bluetooth_Task/T_Bluetooth.o
 .comment       0x00000000       0x31 APP/M2M_Master/Bluetooth_Task/T_Bluetooth.o
 .debug_frame   0x00000000       0x94 APP/M2M_Master/Bluetooth_Task/T_Bluetooth.o
 .text          0x00000000        0x0 APP/M2M_Master/Keypad_Task/T_Keypad.o
 .data          0x00000000        0x0 APP/M2M_Master/Keypad_Task/T_Keypad.o
 .bss           0x00000000        0x0 APP/M2M_Master/Keypad_Task/T_Keypad.o
 .text.T_Keypad_GetStatus
                0x00000000       0x14 APP/M2M_Master/Keypad_Task/T_Keypad.o
 .text.T_Keypad_GetData
                0x00000000       0x24 APP/M2M_Master/Keypad_Task/T_Keypad.o
 .rodata.str1.1
                0x00000000        0x8 APP/M2M_Master/Keypad_Task/T_Keypad.o
 .text.Keypad_Task
                0x00000000      0x144 APP/M2M_Master/Keypad_Task/T_Keypad.o
 .bss.gKPDataBuffer
                0x00000000        0x1 APP/M2M_Master/Keypad_Task/T_Keypad.o
 .bss.gKPStatus
                0x00000000        0x1 APP/M2M_Master/Keypad_Task/T_Keypad.o
 .debug_info    0x00000000      0x3d7 APP/M2M_Master/Keypad_Task/T_Keypad.o
 .debug_abbrev  0x00000000      0x12a APP/M2M_Master/Keypad_Task/T_Keypad.o
 .debug_loc     0x00000000      0x252 APP/M2M_Master/Keypad_Task/T_Keypad.o
 .debug_aranges
                0x00000000       0x30 APP/M2M_Master/Keypad_Task/T_Keypad.o
 .debug_ranges  0x00000000       0x20 APP/M2M_Master/Keypad_Task/T_Keypad.o
 .debug_line    0x00000000      0x25c APP/M2M_Master/Keypad_Task/T_Keypad.o
 .debug_str     0x00000000      0x32a APP/M2M_Master/Keypad_Task/T_Keypad.o
 .comment       0x00000000       0x31 APP/M2M_Master/Keypad_Task/T_Keypad.o
 .debug_frame   0x00000000       0x54 APP/M2M_Master/Keypad_Task/T_Keypad.o
 .text          0x00000000        0x0 APP/M2M_Master/LED_Task/T_LED.o
 .data          0x00000000        0x0 APP/M2M_Master/LED_Task/T_LED.o
 .bss           0x00000000        0x0 APP/M2M_Master/LED_Task/T_LED.o
 .text.T_LED_SetPattern
                0x00000000       0x10 APP/M2M_Master/LED_Task/T_LED.o
 .text.T_LED_GetPattern
                0x00000000       0x14 APP/M2M_Master/LED_Task/T_LED.o
 .text.LED_Task
                0x00000000       0x98 APP/M2M_Master/LED_Task/T_LED.o
 .bss.genuCurrentPattern
                0x00000000        0x1 APP/M2M_Master/LED_Task/T_LED.o
 .rodata.LEDPatternTPeriod
                0x00000000        0xa APP/M2M_Master/LED_Task/T_LED.o
 .debug_info    0x00000000      0x465 APP/M2M_Master/LED_Task/T_LED.o
 .debug_abbrev  0x00000000      0x168 APP/M2M_Master/LED_Task/T_LED.o
 .debug_loc     0x00000000      0x102 APP/M2M_Master/LED_Task/T_LED.o
 .debug_aranges
                0x00000000       0x30 APP/M2M_Master/LED_Task/T_LED.o
 .debug_ranges  0x00000000       0x20 APP/M2M_Master/LED_Task/T_LED.o
 .debug_line    0x00000000      0x163 APP/M2M_Master/LED_Task/T_LED.o
 .debug_str     0x00000000      0x4fb APP/M2M_Master/LED_Task/T_LED.o
 .comment       0x00000000       0x31 APP/M2M_Master/LED_Task/T_LED.o
 .debug_frame   0x00000000       0x54 APP/M2M_Master/LED_Task/T_LED.o
 .text          0x00000000        0x0 APP/M2M_Master/Management_Task/T_Management.o
 .data          0x00000000        0x0 APP/M2M_Master/Management_Task/T_Management.o
 .bss           0x00000000        0x0 APP/M2M_Master/Management_Task/T_Management.o
 .text.Management_Task
                0x00000000      0x276 APP/M2M_Master/Management_Task/T_Management.o
 .bss.au8Data   0x00000000       0x1e APP/M2M_Master/Management_Task/T_Management.o
 .bss.au8PassData
                0x00000000        0x3 APP/M2M_Master/Management_Task/T_Management.o
 .data.u8Flag   0x00000000        0x1 APP/M2M_Master/Management_Task/T_Management.o
 .bss.enuBTStates
                0x00000000        0x1 APP/M2M_Master/Management_Task/T_Management.o
 .bss.T_KeyPadState
                0x00000000        0x1 APP/M2M_Master/Management_Task/T_Management.o
 .bss.au8BTMAC  0x00000000       0x14 APP/M2M_Master/Management_Task/T_Management.o
 .bss.au8EEPROMData
                0x00000000       0x14 APP/M2M_Master/Management_Task/T_Management.o
 .bss.u8MACAddressCount
                0x00000000        0x1 APP/M2M_Master/Management_Task/T_Management.o
 .bss.u8Index   0x00000000        0x1 APP/M2M_Master/Management_Task/T_Management.o
 .bss.strBTCFGMgmt
                0x00000000        0x6 APP/M2M_Master/Management_Task/T_Management.o
 .debug_info    0x00000000      0x7c8 APP/M2M_Master/Management_Task/T_Management.o
 .debug_abbrev  0x00000000      0x155 APP/M2M_Master/Management_Task/T_Management.o
 .debug_loc     0x00000000      0x18e APP/M2M_Master/Management_Task/T_Management.o
 .debug_aranges
                0x00000000       0x20 APP/M2M_Master/Management_Task/T_Management.o
 .debug_ranges  0x00000000       0x40 APP/M2M_Master/Management_Task/T_Management.o
 .debug_line    0x00000000      0x3ae APP/M2M_Master/Management_Task/T_Management.o
 .debug_str     0x00000000      0x5f2 APP/M2M_Master/Management_Task/T_Management.o
 .comment       0x00000000       0x31 APP/M2M_Master/Management_Task/T_Management.o
 .debug_frame   0x00000000       0x24 APP/M2M_Master/Management_Task/T_Management.o
 .text          0x00000000        0x0 ECUAL/Bluetooth/BLUETOOTH.o
 .data          0x00000000        0x0 ECUAL/Bluetooth/BLUETOOTH.o
 .bss           0x00000000        0x0 ECUAL/Bluetooth/BLUETOOTH.o
 .text.BT_RXCallBack
                0x00000000       0x6e ECUAL/Bluetooth/BLUETOOTH.o
 .rodata.str1.1
                0x00000000       0x8d ECUAL/Bluetooth/BLUETOOTH.o
 .text.BT_SendCMD
                0x00000000       0x50 ECUAL/Bluetooth/BLUETOOTH.o
 .text.BT_Test  0x00000000       0x90 ECUAL/Bluetooth/BLUETOOTH.o
 .text.BT_Init  0x00000000       0x68 ECUAL/Bluetooth/BLUETOOTH.o
 .rodata        0x00000000       0x64 ECUAL/Bluetooth/BLUETOOTH.o
 .text.BT_SetName
                0x00000000       0xb0 ECUAL/Bluetooth/BLUETOOTH.o
 .text.BT_GetName
                0x00000000       0x82 ECUAL/Bluetooth/BLUETOOTH.o
 .text.BT_SetPassword
                0x00000000       0xb0 ECUAL/Bluetooth/BLUETOOTH.o
 .text.BT_GetPassword
                0x00000000       0x82 ECUAL/Bluetooth/BLUETOOTH.o
 .text.BT_SetMode
                0x00000000       0x58 ECUAL/Bluetooth/BLUETOOTH.o
 .text.BT_GetMode
                0x00000000       0x44 ECUAL/Bluetooth/BLUETOOTH.o
 .text.BT_SetCredentials
                0x00000000       0x24 ECUAL/Bluetooth/BLUETOOTH.o
 .text.BT_GetCredentials
                0x00000000       0x24 ECUAL/Bluetooth/BLUETOOTH.o
 .text.BT_Search
                0x00000000       0x6a ECUAL/Bluetooth/BLUETOOTH.o
 .text.BT_Connect
                0x00000000       0x5c ECUAL/Bluetooth/BLUETOOTH.o
 .text.BT_Disconnect
                0x00000000       0x1a ECUAL/Bluetooth/BLUETOOTH.o
 .text.BT_Reset
                0x00000000        0xc ECUAL/Bluetooth/BLUETOOTH.o
 .text.BT_SendString
                0x00000000       0x3a ECUAL/Bluetooth/BLUETOOTH.o
 .text.BT_ReceiveString
                0x00000000       0x5e ECUAL/Bluetooth/BLUETOOTH.o
 .bss.i.1854    0x00000000        0x2 ECUAL/Bluetooth/BLUETOOTH.o
 .bss.BT_Initialized
                0x00000000        0x1 ECUAL/Bluetooth/BLUETOOTH.o
 .bss.current_Baudrate
                0x00000000        0x4 ECUAL/Bluetooth/BLUETOOTH.o
 .rodata.gau32Baudrates
                0x00000000       0x24 ECUAL/Bluetooth/BLUETOOTH.o
 .bss.flag      0x00000000        0x1 ECUAL/Bluetooth/BLUETOOTH.o
 .bss.gu16RXDataSize
                0x00000000        0x2 ECUAL/Bluetooth/BLUETOOTH.o
 .bss.gau8RXDataBuffer
                0x00000000       0x1e ECUAL/Bluetooth/BLUETOOTH.o
 .bss.gau8RxBuffer
                0x00000000       0x1e ECUAL/Bluetooth/BLUETOOTH.o
 .debug_info    0x00000000      0xeaf ECUAL/Bluetooth/BLUETOOTH.o
 .debug_abbrev  0x00000000      0x1c4 ECUAL/Bluetooth/BLUETOOTH.o
 .debug_loc     0x00000000      0xc1a ECUAL/Bluetooth/BLUETOOTH.o
 .debug_aranges
                0x00000000       0xa8 ECUAL/Bluetooth/BLUETOOTH.o
 .debug_ranges  0x00000000       0x98 ECUAL/Bluetooth/BLUETOOTH.o
 .debug_line    0x00000000      0x580 ECUAL/Bluetooth/BLUETOOTH.o
 .debug_str     0x00000000      0x57c ECUAL/Bluetooth/BLUETOOTH.o
 .comment       0x00000000       0x31 ECUAL/Bluetooth/BLUETOOTH.o
 .debug_frame   0x00000000      0x240 ECUAL/Bluetooth/BLUETOOTH.o
 .text          0x00000000        0x0 ECUAL/Bluetooth/BLUETOOTH_Cfg.o
 .data          0x00000000        0x0 ECUAL/Bluetooth/BLUETOOTH_Cfg.o
 .bss           0x00000000        0x0 ECUAL/Bluetooth/BLUETOOTH_Cfg.o
 .rodata.str1.1
                0x00000000        0xf ECUAL/Bluetooth/BLUETOOTH_Cfg.o
 .rodata.strBTCFG
                0x00000000        0x6 ECUAL/Bluetooth/BLUETOOTH_Cfg.o
 .debug_info    0x00000000      0x156 ECUAL/Bluetooth/BLUETOOTH_Cfg.o
 .debug_abbrev  0x00000000       0x7d ECUAL/Bluetooth/BLUETOOTH_Cfg.o
 .debug_aranges
                0x00000000       0x18 ECUAL/Bluetooth/BLUETOOTH_Cfg.o
 .debug_line    0x00000000       0x65 ECUAL/Bluetooth/BLUETOOTH_Cfg.o
 .debug_str     0x00000000      0x276 ECUAL/Bluetooth/BLUETOOTH_Cfg.o
 .comment       0x00000000       0x31 ECUAL/Bluetooth/BLUETOOTH_Cfg.o
 .text          0x00000000        0x0 ECUAL/EEPROM/EEPROM.o
 .data          0x00000000        0x0 ECUAL/EEPROM/EEPROM.o
 .bss           0x00000000        0x0 ECUAL/EEPROM/EEPROM.o
 .text.EEPROM_Init
                0x00000000        0x8 ECUAL/EEPROM/EEPROM.o
 .text.EEPROM_WriteByte
                0x00000000       0x36 ECUAL/EEPROM/EEPROM.o
 .text.EEPROM_ReadByte
                0x00000000       0x48 ECUAL/EEPROM/EEPROM.o
 .text.EEPROM_WriteString
                0x00000000       0x7c ECUAL/EEPROM/EEPROM.o
 .text.EEPROM_ReadString
                0x00000000       0x94 ECUAL/EEPROM/EEPROM.o
 .debug_info    0x00000000      0x4f4 ECUAL/EEPROM/EEPROM.o
 .debug_abbrev  0x00000000       0xfe ECUAL/EEPROM/EEPROM.o
 .debug_loc     0x00000000      0x5bb ECUAL/EEPROM/EEPROM.o
 .debug_aranges
                0x00000000       0x40 ECUAL/EEPROM/EEPROM.o
 .debug_ranges  0x00000000       0x30 ECUAL/EEPROM/EEPROM.o
 .debug_line    0x00000000      0x21a ECUAL/EEPROM/EEPROM.o
 .debug_str     0x00000000      0x2d2 ECUAL/EEPROM/EEPROM.o
 .comment       0x00000000       0x31 ECUAL/EEPROM/EEPROM.o
 .debug_frame   0x00000000       0xd4 ECUAL/EEPROM/EEPROM.o
 .text          0x00000000        0x0 ECUAL/Keypad/Keypad.o
 .data          0x00000000        0x0 ECUAL/Keypad/Keypad.o
 .bss           0x00000000        0x0 ECUAL/Keypad/Keypad.o
 .text.Keypad_CharMapping
                0x00000000       0x5a ECUAL/Keypad/Keypad.o
 .progmem.gcc_sw_table.Keypad_CharMapping
                0x00000000       0x1a ECUAL/Keypad/Keypad.o
 .text.Keypad_Init
                0x00000000       0x72 ECUAL/Keypad/Keypad.o
 .text.Keypad_GetChar
                0x00000000       0xf4 ECUAL/Keypad/Keypad.o
 .bss.enuKeypadTypeState
                0x00000000        0x1 ECUAL/Keypad/Keypad.o
 .rodata.au8KeypadCols
                0x00000000        0x4 ECUAL/Keypad/Keypad.o
 .rodata.au8KeypadRows
                0x00000000        0x4 ECUAL/Keypad/Keypad.o
 .bss.enuKeypadState
                0x00000000        0x1 ECUAL/Keypad/Keypad.o
 .debug_info    0x00000000      0x484 ECUAL/Keypad/Keypad.o
 .debug_abbrev  0x00000000      0x10a ECUAL/Keypad/Keypad.o
 .debug_loc     0x00000000      0x5a4 ECUAL/Keypad/Keypad.o
 .debug_aranges
                0x00000000       0x30 ECUAL/Keypad/Keypad.o
 .debug_ranges  0x00000000       0x20 ECUAL/Keypad/Keypad.o
 .debug_line    0x00000000      0x28a ECUAL/Keypad/Keypad.o
 .debug_str     0x00000000      0x45c ECUAL/Keypad/Keypad.o
 .comment       0x00000000       0x31 ECUAL/Keypad/Keypad.o
 .debug_frame   0x00000000       0x94 ECUAL/Keypad/Keypad.o
 .text          0x00000000        0x0 ECUAL/LCD/LCD.o
 .data          0x00000000        0x0 ECUAL/LCD/LCD.o
 .bss           0x00000000        0x0 ECUAL/LCD/LCD.o
 .text.LCD_SendData
                0x00000000       0xea ECUAL/LCD/LCD.o
 .text.LCD_Delay
                0x00000000        0xc ECUAL/LCD/LCD.o
 .text.LCD_SendCommand
                0x00000000       0xdc ECUAL/LCD/LCD.o
 .text.LCD_Init
                0x00000000       0xc0 ECUAL/LCD/LCD.o
 .text.LCD_Clear
                0x00000000       0x14 ECUAL/LCD/LCD.o
 .text.LCD_SetCursorPosition
                0x00000000       0x34 ECUAL/LCD/LCD.o
 .text.LCD_DisplayChar
                0x00000000       0x14 ECUAL/LCD/LCD.o
 .text.LCD_DisplayString
                0x00000000       0x26 ECUAL/LCD/LCD.o
 .bss.enuLCDDataModeState
                0x00000000        0x1 ECUAL/LCD/LCD.o
 .rodata.au8LCDDataPins4BitMode
                0x00000000        0x4 ECUAL/LCD/LCD.o
 .rodata.au8LCDDataPins8BitMode
                0x00000000        0x8 ECUAL/LCD/LCD.o
 .bss.enuLCDState
                0x00000000        0x1 ECUAL/LCD/LCD.o
 .debug_info    0x00000000      0x870 ECUAL/LCD/LCD.o
 .debug_abbrev  0x00000000      0x19a ECUAL/LCD/LCD.o
 .debug_loc     0x00000000      0x514 ECUAL/LCD/LCD.o
 .debug_aranges
                0x00000000       0x58 ECUAL/LCD/LCD.o
 .debug_ranges  0x00000000       0x48 ECUAL/LCD/LCD.o
 .debug_line    0x00000000      0x4ae ECUAL/LCD/LCD.o
 .debug_str     0x00000000      0x4f5 ECUAL/LCD/LCD.o
 .comment       0x00000000       0x31 ECUAL/LCD/LCD.o
 .debug_frame   0x00000000       0xd4 ECUAL/LCD/LCD.o
 .text          0x00000000        0x0 ECUAL/LED/LED.o
 .data          0x00000000        0x0 ECUAL/LED/LED.o
 .bss           0x00000000        0x0 ECUAL/LED/LED.o
 .text.LED_Init
                0x00000000       0x34 ECUAL/LED/LED.o
 .text.LED_SwitchON
                0x00000000       0x96 ECUAL/LED/LED.o
 .text.LED_SwitchOFF
                0x00000000       0x92 ECUAL/LED/LED.o
 .debug_info    0x00000000      0x52c ECUAL/LED/LED.o
 .debug_abbrev  0x00000000      0x103 ECUAL/LED/LED.o
 .debug_loc     0x00000000      0x398 ECUAL/LED/LED.o
 .debug_aranges
                0x00000000       0x30 ECUAL/LED/LED.o
 .debug_ranges  0x00000000       0x20 ECUAL/LED/LED.o
 .debug_line    0x00000000      0x1a6 ECUAL/LED/LED.o
 .debug_str     0x00000000      0x576 ECUAL/LED/LED.o
 .comment       0x00000000       0x31 ECUAL/LED/LED.o
 .debug_frame   0x00000000       0x80 ECUAL/LED/LED.o
 .text          0x00000000        0x0 ECUAL/SSD/7seg.o
 .data          0x00000000        0x0 ECUAL/SSD/7seg.o
 .bss           0x00000000        0x0 ECUAL/SSD/7seg.o
 .text.SevenSegment_Decode
                0x00000000      0x16a ECUAL/SSD/7seg.o
 .progmem.gcc_sw_table.SevenSegment_Decode
                0x00000000       0x14 ECUAL/SSD/7seg.o
 .text.SevenSegment_Init
                0x00000000       0x44 ECUAL/SSD/7seg.o
 .text.SevenSegment_WriteNum
                0x00000000       0xa2 ECUAL/SSD/7seg.o
 .bss.gu8flag   0x00000000        0x1 ECUAL/SSD/7seg.o
 .debug_info    0x00000000      0x814 ECUAL/SSD/7seg.o
 .debug_abbrev  0x00000000      0x13e ECUAL/SSD/7seg.o
 .debug_loc     0x00000000      0x1c1 ECUAL/SSD/7seg.o
 .debug_aranges
                0x00000000       0x30 ECUAL/SSD/7seg.o
 .debug_ranges  0x00000000       0x20 ECUAL/SSD/7seg.o
 .debug_line    0x00000000      0x28e ECUAL/SSD/7seg.o
 .debug_str     0x00000000      0x390 ECUAL/SSD/7seg.o
 .comment       0x00000000       0x31 ECUAL/SSD/7seg.o
 .debug_frame   0x00000000       0x54 ECUAL/SSD/7seg.o
 .text          0x00000000        0x0 main.o
 .data          0x00000000        0x0 main.o
 .bss           0x00000000        0x0 main.o
 .text          0x00000000        0x0 MCAL/DIO/DIO.o
 .data          0x00000000        0x0 MCAL/DIO/DIO.o
 .bss           0x00000000        0x0 MCAL/DIO/DIO.o
 .text.DIO_PortInit
                0x00000000       0x2a MCAL/DIO/DIO.o
 .text.DIO_PortWrite
                0x00000000       0x22 MCAL/DIO/DIO.o
 .text.DIO_PinRead
                0x00000000       0x58 MCAL/DIO/DIO.o
 .text.DIO_PortRead
                0x00000000       0x28 MCAL/DIO/DIO.o
 .text.DIO_PinToggle
                0x00000000       0x70 MCAL/DIO/DIO.o
 .text.DIO_PortToggle
                0x00000000       0x2a MCAL/DIO/DIO.o
 .bss.aenuDIOPortState
                0x00000000        0x4 MCAL/DIO/DIO.o
 .text          0x00000000        0x0 MCAL/I2C/I2C.o
 .data          0x00000000        0x0 MCAL/I2C/I2C.o
 .bss           0x00000000        0x0 MCAL/I2C/I2C.o
 .text.I2C_GetStatus
                0x00000000        0x6 MCAL/I2C/I2C.o
 .text.I2C_Init
                0x00000000       0x50 MCAL/I2C/I2C.o
 .text.I2C_Start
                0x00000000       0x1a MCAL/I2C/I2C.o
 .text.I2C_Repeated_Start
                0x00000000       0x1a MCAL/I2C/I2C.o
 .text.I2C_Stop
                0x00000000        0x8 MCAL/I2C/I2C.o
 .text.I2C_SendAddressFrame
                0x00000000       0x50 MCAL/I2C/I2C.o
 .text.I2C_SendDataFrame
                0x00000000       0x32 MCAL/I2C/I2C.o
 .text.I2C_RecieveDataFrame
                0x00000000       0x6e MCAL/I2C/I2C.o
 .text.I2C_MASTER_SendData
                0x00000000       0x36 MCAL/I2C/I2C.o
 .text.I2C_MASTER_RecieveData
                0x00000000       0x46 MCAL/I2C/I2C.o
 .text.I2C_SLAVE_SendData
                0x00000000       0x30 MCAL/I2C/I2C.o
 .text.I2C_SLAVE_ReceiveData
                0x00000000       0x4e MCAL/I2C/I2C.o
 .text.I2C_Enable_Interrupt
                0x00000000        0xa MCAL/I2C/I2C.o
 .text.I2C_Disable_Interrupt
                0x00000000        0xa MCAL/I2C/I2C.o
 .text.I2C_SetCallBack
                0x00000000       0x14 MCAL/I2C/I2C.o
 .text          0x00000000        0x0 MCAL/PWM/PWM.o
 .data          0x00000000        0x0 MCAL/PWM/PWM.o
 .bss           0x00000000        0x0 MCAL/PWM/PWM.o
 .text.PWM_Init
                0x00000000      0x1f4 MCAL/PWM/PWM.o
 .text.PWM_Start
                0x00000000       0xc2 MCAL/PWM/PWM.o
 .text.PWM_Stop
                0x00000000      0x10a MCAL/PWM/PWM.o
 .bss.aenuPWMState
                0x00000000        0x4 MCAL/PWM/PWM.o
 .debug_info    0x00000000      0x372 MCAL/PWM/PWM.o
 .debug_abbrev  0x00000000      0x13b MCAL/PWM/PWM.o
 .debug_loc     0x00000000      0x213 MCAL/PWM/PWM.o
 .debug_aranges
                0x00000000       0x30 MCAL/PWM/PWM.o
 .debug_ranges  0x00000000       0x20 MCAL/PWM/PWM.o
 .debug_line    0x00000000      0x331 MCAL/PWM/PWM.o
 .debug_str     0x00000000      0x47f MCAL/PWM/PWM.o
 .comment       0x00000000       0x31 MCAL/PWM/PWM.o
 .debug_frame   0x00000000       0x60 MCAL/PWM/PWM.o
 .text          0x00000000        0x0 MCAL/PWM/PWM_Cfg.o
 .data          0x00000000        0x0 MCAL/PWM/PWM_Cfg.o
 .bss           0x00000000        0x0 MCAL/PWM/PWM_Cfg.o
 .data.astrPWMConfigParameters
                0x00000000        0x4 MCAL/PWM/PWM_Cfg.o
 .debug_info    0x00000000      0x1cf MCAL/PWM/PWM_Cfg.o
 .debug_abbrev  0x00000000       0x7f MCAL/PWM/PWM_Cfg.o
 .debug_aranges
                0x00000000       0x18 MCAL/PWM/PWM_Cfg.o
 .debug_line    0x00000000       0x3c MCAL/PWM/PWM_Cfg.o
 .debug_str     0x00000000      0x380 MCAL/PWM/PWM_Cfg.o
 .comment       0x00000000       0x31 MCAL/PWM/PWM_Cfg.o
 .text          0x00000000        0x0 MCAL/UART/UART.o
 .data          0x00000000        0x0 MCAL/UART/UART.o
 .bss           0x00000000        0x0 MCAL/UART/UART.o
 .text.UART_Init
                0x00000000       0x52 MCAL/UART/UART.o
 .text.UART_SendData
                0x00000000       0x1c MCAL/UART/UART.o
 .text.UART_ReceiveData
                0x00000000       0x22 MCAL/UART/UART.o
 .text.UART_RecieveDataNoBLOCK
                0x00000000       0x22 MCAL/UART/UART.o
 .text.UART_SendString
                0x00000000       0x3e MCAL/UART/UART.o
 .text.UART_ReceiveString
                0x00000000       0x5c MCAL/UART/UART.o
 .text.UART_SendDataNoBLOCK
                0x00000000       0x1a MCAL/UART/UART.o
 .text.UART_TX_Enable_Interrupt
                0x00000000        0xa MCAL/UART/UART.o
 .text.UART_TX_Disable_Interrupt
                0x00000000        0xa MCAL/UART/UART.o
 .text.UART_TX_SetCallBack
                0x00000000       0x14 MCAL/UART/UART.o
 .text.UART_RX_Enable_Interrupt
                0x00000000        0xa MCAL/UART/UART.o
 .text.UART_RX_Disable_Interrupt
                0x00000000        0xa MCAL/UART/UART.o
 .text.UART_RX_SetCallBack
                0x00000000       0x14 MCAL/UART/UART.o
 .bss.gError    0x00000000        0x1 MCAL/UART/UART.o
 .text          0x00000000        0x0 Services/CRC16/CRC.o
 .data          0x00000000        0x0 Services/CRC16/CRC.o
 .bss           0x00000000        0x0 Services/CRC16/CRC.o
 .text.CRC16_Calculation
                0x00000000       0x7e Services/CRC16/CRC.o
 .text.CRC16_Encode
                0x00000000       0x1e Services/CRC16/CRC.o
 .text.CRC16_Decode
                0x00000000       0x28 Services/CRC16/CRC.o
 .debug_info    0x00000000      0x23e Services/CRC16/CRC.o
 .debug_abbrev  0x00000000       0xd8 Services/CRC16/CRC.o
 .debug_loc     0x00000000      0x35e Services/CRC16/CRC.o
 .debug_aranges
                0x00000000       0x30 Services/CRC16/CRC.o
 .debug_ranges  0x00000000       0x20 Services/CRC16/CRC.o
 .debug_line    0x00000000      0x151 Services/CRC16/CRC.o
 .debug_str     0x00000000      0x23b Services/CRC16/CRC.o
 .comment       0x00000000       0x31 Services/CRC16/CRC.o
 .debug_frame   0x00000000       0x68 Services/CRC16/CRC.o
 .text          0x00000000        0x0 Services/FreeRTOS/src/croutine.o
 .data          0x00000000        0x0 Services/FreeRTOS/src/croutine.o
 .bss           0x00000000        0x0 Services/FreeRTOS/src/croutine.o
 .text.prvInitialiseCoRoutineLists
                0x00000000       0x50 Services/FreeRTOS/src/croutine.o
 .text.prvCheckPendingReadyList
                0x00000000       0x60 Services/FreeRTOS/src/croutine.o
 .text.prvCheckDelayedList
                0x00000000      0x162 Services/FreeRTOS/src/croutine.o
 .text.xCoRoutineCreate
                0x00000000       0xba Services/FreeRTOS/src/croutine.o
 .text.vCoRoutineAddToDelayedList
                0x00000000       0xa8 Services/FreeRTOS/src/croutine.o
 .text.vCoRoutineSchedule
                0x00000000       0x9c Services/FreeRTOS/src/croutine.o
 .text.xCoRoutineRemoveFromEventList
                0x00000000       0x4c Services/FreeRTOS/src/croutine.o
 .bss.xPassedTicks
                0x00000000        0x4 Services/FreeRTOS/src/croutine.o
 .bss.xLastTickCount
                0x00000000        0x4 Services/FreeRTOS/src/croutine.o
 .bss.xCoRoutineTickCount
                0x00000000        0x4 Services/FreeRTOS/src/croutine.o
 .bss.uxTopCoRoutineReadyPriority
                0x00000000        0x1 Services/FreeRTOS/src/croutine.o
 .bss.pxCurrentCoRoutine
                0x00000000        0x2 Services/FreeRTOS/src/croutine.o
 .bss.xPendingReadyCoRoutineList
                0x00000000        0xb Services/FreeRTOS/src/croutine.o
 .bss.pxOverflowDelayedCoRoutineList
                0x00000000        0x2 Services/FreeRTOS/src/croutine.o
 .bss.pxDelayedCoRoutineList
                0x00000000        0x2 Services/FreeRTOS/src/croutine.o
 .bss.xDelayedCoRoutineList2
                0x00000000        0xb Services/FreeRTOS/src/croutine.o
 .bss.xDelayedCoRoutineList1
                0x00000000        0xb Services/FreeRTOS/src/croutine.o
 .bss.pxReadyCoRoutineLists
                0x00000000       0x16 Services/FreeRTOS/src/croutine.o
 .debug_info    0x00000000      0x74b Services/FreeRTOS/src/croutine.o
 .debug_abbrev  0x00000000      0x1ec Services/FreeRTOS/src/croutine.o
 .debug_loc     0x00000000      0x416 Services/FreeRTOS/src/croutine.o
 .debug_aranges
                0x00000000       0x50 Services/FreeRTOS/src/croutine.o
 .debug_ranges  0x00000000       0x40 Services/FreeRTOS/src/croutine.o
 .debug_line    0x00000000      0x3d2 Services/FreeRTOS/src/croutine.o
 .debug_str     0x00000000      0x54e Services/FreeRTOS/src/croutine.o
 .comment       0x00000000       0x31 Services/FreeRTOS/src/croutine.o
 .debug_frame   0x00000000      0x10c Services/FreeRTOS/src/croutine.o
 .text          0x00000000        0x0 Services/FreeRTOS/src/event_groups.o
 .data          0x00000000        0x0 Services/FreeRTOS/src/event_groups.o
 .bss           0x00000000        0x0 Services/FreeRTOS/src/event_groups.o
 .text.prvTestWaitCondition
                0x00000000       0x42 Services/FreeRTOS/src/event_groups.o
 .text.xEventGroupCreate
                0x00000000       0x2a Services/FreeRTOS/src/event_groups.o
 .text.xEventGroupWaitBits
                0x00000000      0x146 Services/FreeRTOS/src/event_groups.o
 .text.xEventGroupClearBits
                0x00000000       0x3a Services/FreeRTOS/src/event_groups.o
 .text.xEventGroupGetBitsFromISR
                0x00000000        0xc Services/FreeRTOS/src/event_groups.o
 .text.xEventGroupSetBits
                0x00000000      0x11c Services/FreeRTOS/src/event_groups.o
 .text.xEventGroupSync
                0x00000000      0x17e Services/FreeRTOS/src/event_groups.o
 .text.vEventGroupDelete
                0x00000000       0x32 Services/FreeRTOS/src/event_groups.o
 .text.vEventGroupSetBitsCallback
                0x00000000        0x6 Services/FreeRTOS/src/event_groups.o
 .text.vEventGroupClearBitsCallback
                0x00000000        0x6 Services/FreeRTOS/src/event_groups.o
 .debug_info    0x00000000      0x93f Services/FreeRTOS/src/event_groups.o
 .debug_abbrev  0x00000000      0x1d5 Services/FreeRTOS/src/event_groups.o
 .debug_loc     0x00000000      0xcaa Services/FreeRTOS/src/event_groups.o
 .debug_aranges
                0x00000000       0x68 Services/FreeRTOS/src/event_groups.o
 .debug_ranges  0x00000000       0x70 Services/FreeRTOS/src/event_groups.o
 .debug_line    0x00000000      0x435 Services/FreeRTOS/src/event_groups.o
 .debug_str     0x00000000      0x58c Services/FreeRTOS/src/event_groups.o
 .comment       0x00000000       0x31 Services/FreeRTOS/src/event_groups.o
 .debug_frame   0x00000000      0x1dc Services/FreeRTOS/src/event_groups.o
 .text          0x00000000        0x0 Services/FreeRTOS/src/heap_1.o
 .data          0x00000000        0x0 Services/FreeRTOS/src/heap_1.o
 .bss           0x00000000        0x0 Services/FreeRTOS/src/heap_1.o
 .text.vPortInitialiseBlocks
                0x00000000        0xa Services/FreeRTOS/src/heap_1.o
 .text.xPortGetFreeHeapSize
                0x00000000       0x12 Services/FreeRTOS/src/heap_1.o
 .text          0x00000000        0x0 Services/FreeRTOS/src/integer.o
 .data          0x00000000        0x0 Services/FreeRTOS/src/integer.o
 .bss           0x00000000        0x0 Services/FreeRTOS/src/integer.o
 .text.vCompeteingIntMathTask
                0x00000000       0xbe Services/FreeRTOS/src/integer.o
 .rodata.str1.1
                0x00000000        0x8 Services/FreeRTOS/src/integer.o
 .text.vStartIntegerMathTasks
                0x00000000       0x5e Services/FreeRTOS/src/integer.o
 .text.xAreIntegerMathsTaskStillRunning
                0x00000000       0x2a Services/FreeRTOS/src/integer.o
 .bss.xTaskCheck
                0x00000000        0x1 Services/FreeRTOS/src/integer.o
 .debug_info    0x00000000      0x232 Services/FreeRTOS/src/integer.o
 .debug_abbrev  0x00000000      0x126 Services/FreeRTOS/src/integer.o
 .debug_loc     0x00000000      0x1e6 Services/FreeRTOS/src/integer.o
 .debug_aranges
                0x00000000       0x30 Services/FreeRTOS/src/integer.o
 .debug_ranges  0x00000000       0x20 Services/FreeRTOS/src/integer.o
 .debug_line    0x00000000      0x169 Services/FreeRTOS/src/integer.o
 .debug_str     0x00000000      0x266 Services/FreeRTOS/src/integer.o
 .comment       0x00000000       0x31 Services/FreeRTOS/src/integer.o
 .debug_frame   0x00000000       0x88 Services/FreeRTOS/src/integer.o
 .text          0x00000000        0x0 Services/FreeRTOS/src/list.o
 .data          0x00000000        0x0 Services/FreeRTOS/src/list.o
 .bss           0x00000000        0x0 Services/FreeRTOS/src/list.o
 .text          0x00000000        0x0 Services/FreeRTOS/src/PollQ.o
 .data          0x00000000        0x0 Services/FreeRTOS/src/PollQ.o
 .bss           0x00000000        0x0 Services/FreeRTOS/src/PollQ.o
 .text.vPolledQueueProducer
                0x00000000       0x6e Services/FreeRTOS/src/PollQ.o
 .text.vPolledQueueConsumer
                0x00000000       0x80 Services/FreeRTOS/src/PollQ.o
 .rodata.str1.1
                0x00000000       0x10 Services/FreeRTOS/src/PollQ.o
 .text.vStartPolledQueueTasks
                0x00000000       0x6c Services/FreeRTOS/src/PollQ.o
 .text.xArePollingQueuesStillRunning
                0x00000000       0x22 Services/FreeRTOS/src/PollQ.o
 .bss.xPolledQueue.2092
                0x00000000        0x2 Services/FreeRTOS/src/PollQ.o
 .bss.xPollingProducerCount
                0x00000000        0x1 Services/FreeRTOS/src/PollQ.o
 .bss.xPollingConsumerCount
                0x00000000        0x1 Services/FreeRTOS/src/PollQ.o
 .debug_info    0x00000000      0x3e2 Services/FreeRTOS/src/PollQ.o
 .debug_abbrev  0x00000000      0x106 Services/FreeRTOS/src/PollQ.o
 .debug_loc     0x00000000      0x240 Services/FreeRTOS/src/PollQ.o
 .debug_aranges
                0x00000000       0x38 Services/FreeRTOS/src/PollQ.o
 .debug_ranges  0x00000000       0x28 Services/FreeRTOS/src/PollQ.o
 .debug_line    0x00000000      0x21d Services/FreeRTOS/src/PollQ.o
 .debug_str     0x00000000      0x323 Services/FreeRTOS/src/PollQ.o
 .comment       0x00000000       0x31 Services/FreeRTOS/src/PollQ.o
 .debug_frame   0x00000000       0x9c Services/FreeRTOS/src/PollQ.o
 .text          0x00000000        0x0 Services/FreeRTOS/src/port.o
 .data          0x00000000        0x0 Services/FreeRTOS/src/port.o
 .bss           0x00000000        0x0 Services/FreeRTOS/src/port.o
 .text.vPortEndScheduler
                0x00000000        0x2 Services/FreeRTOS/src/port.o
 .text.vPortYieldFromTick
                0x00000000       0xb8 Services/FreeRTOS/src/port.o
 .text          0x00000000        0x0 Services/FreeRTOS/src/queue.o
 .data          0x00000000        0x0 Services/FreeRTOS/src/queue.o
 .bss           0x00000000        0x0 Services/FreeRTOS/src/queue.o
 .text.prvIsQueueEmpty
                0x00000000       0x1a Services/FreeRTOS/src/queue.o
 .text.prvIsQueueFull
                0x00000000       0x1c Services/FreeRTOS/src/queue.o
 .text.prvCopyDataToQueue
                0x00000000       0xc0 Services/FreeRTOS/src/queue.o
 .text.prvCopyDataFromQueue
                0x00000000       0x34 Services/FreeRTOS/src/queue.o
 .text.prvUnlockQueue
                0x00000000       0x6c Services/FreeRTOS/src/queue.o
 .text.xQueueGenericReset
                0x00000000       0x84 Services/FreeRTOS/src/queue.o
 .text.xQueueGenericCreate
                0x00000000       0x5c Services/FreeRTOS/src/queue.o
 .text.xQueueCreateCountingSemaphore
                0x00000000       0x18 Services/FreeRTOS/src/queue.o
 .text.xQueueGenericSend
                0x00000000      0x126 Services/FreeRTOS/src/queue.o
 .text.xQueueCreateMutex
                0x00000000       0x5e Services/FreeRTOS/src/queue.o
 .text.xQueueGenericSendFromISR
                0x00000000       0x80 Services/FreeRTOS/src/queue.o
 .text.xQueueGenericReceive
                0x00000000      0x17a Services/FreeRTOS/src/queue.o
 .text.xQueueReceiveFromISR
                0x00000000       0x66 Services/FreeRTOS/src/queue.o
 .text.xQueuePeekFromISR
                0x00000000       0x2e Services/FreeRTOS/src/queue.o
 .text.uxQueueMessagesWaiting
                0x00000000       0x10 Services/FreeRTOS/src/queue.o
 .text.uxQueueSpacesAvailable
                0x00000000       0x16 Services/FreeRTOS/src/queue.o
 .text.uxQueueMessagesWaitingFromISR
                0x00000000        0x6 Services/FreeRTOS/src/queue.o
 .text.vQueueDelete
                0x00000000       0x1e Services/FreeRTOS/src/queue.o
 .text.xQueueIsQueueEmptyFromISR
                0x00000000       0x10 Services/FreeRTOS/src/queue.o
 .text.xQueueIsQueueFullFromISR
                0x00000000       0x12 Services/FreeRTOS/src/queue.o
 .text.xQueueCRSend
                0x00000000       0x90 Services/FreeRTOS/src/queue.o
 .text.xQueueCRReceive
                0x00000000       0xa4 Services/FreeRTOS/src/queue.o
 .text.xQueueCRSendFromISR
                0x00000000       0x4c Services/FreeRTOS/src/queue.o
 .text.xQueueCRReceiveFromISR
                0x00000000       0x82 Services/FreeRTOS/src/queue.o
 .debug_info    0x00000000     0x12c8 Services/FreeRTOS/src/queue.o
 .debug_abbrev  0x00000000      0x22e Services/FreeRTOS/src/queue.o
 .debug_loc     0x00000000     0x1756 Services/FreeRTOS/src/queue.o
 .debug_aranges
                0x00000000       0xd8 Services/FreeRTOS/src/queue.o
 .debug_ranges  0x00000000       0xc8 Services/FreeRTOS/src/queue.o
 .debug_line    0x00000000      0xa5a Services/FreeRTOS/src/queue.o
 .debug_str     0x00000000      0x7d9 Services/FreeRTOS/src/queue.o
 .comment       0x00000000       0x31 Services/FreeRTOS/src/queue.o
 .debug_frame   0x00000000      0x2f8 Services/FreeRTOS/src/queue.o
 .text          0x00000000        0x0 Services/FreeRTOS/src/tasks.o
 .data          0x00000000        0x0 Services/FreeRTOS/src/tasks.o
 .bss           0x00000000        0x0 Services/FreeRTOS/src/tasks.o
 .text.vTaskDelete
                0x00000000       0x8e Services/FreeRTOS/src/tasks.o
 .text.uxTaskPriorityGet
                0x00000000       0x1c Services/FreeRTOS/src/tasks.o
 .text.vTaskEndScheduler
                0x00000000        0xc Services/FreeRTOS/src/tasks.o
 .text.xTaskGetTickCount
                0x00000000       0x1c Services/FreeRTOS/src/tasks.o
 .text.xTaskGetTickCountFromISR
                0x00000000       0x12 Services/FreeRTOS/src/tasks.o
 .text.uxTaskGetNumberOfTasks
                0x00000000        0x6 Services/FreeRTOS/src/tasks.o
 .text.vTaskDelayUntil
                0x00000000       0xba Services/FreeRTOS/src/tasks.o
 .text.vTaskPlaceOnEventList
                0x00000000       0x54 Services/FreeRTOS/src/tasks.o
 .text.vTaskPlaceOnUnorderedEventList
                0x00000000       0x6e Services/FreeRTOS/src/tasks.o
 .text.xTaskRemoveFromEventList
                0x00000000       0x84 Services/FreeRTOS/src/tasks.o
 .text.xTaskRemoveFromUnorderedEventList
                0x00000000       0x6c Services/FreeRTOS/src/tasks.o
 .text.vTaskSetTimeOutState
                0x00000000       0x22 Services/FreeRTOS/src/tasks.o
 .text.xTaskCheckForTimeOut
                0x00000000       0xb6 Services/FreeRTOS/src/tasks.o
 .text.vTaskMissedYield
                0x00000000        0x8 Services/FreeRTOS/src/tasks.o
 .text.xTaskGetCurrentTaskHandle
                0x00000000        0xa Services/FreeRTOS/src/tasks.o
 .text.vTaskPriorityInherit
                0x00000000       0xbc Services/FreeRTOS/src/tasks.o
 .text.xTaskPriorityDisinherit
                0x00000000       0x80 Services/FreeRTOS/src/tasks.o
 .text.uxTaskResetEventItemValue
                0x00000000       0x54 Services/FreeRTOS/src/tasks.o
 .text.pvTaskIncrementMutexHeldCount
                0x00000000       0x24 Services/FreeRTOS/src/tasks.o
 .text          0x00000000        0x0 Services/ServiceFunctions/Misc.o
 .data          0x00000000        0x0 Services/ServiceFunctions/Misc.o
 .bss           0x00000000        0x0 Services/ServiceFunctions/Misc.o
 .text.String_compare
                0x00000000       0x40 Services/ServiceFunctions/Misc.o
 .text.String_length
                0x00000000       0x34 Services/ServiceFunctions/Misc.o
 .text.String_copy
                0x00000000       0x4e Services/ServiceFunctions/Misc.o
 .text.num2str  0x00000000       0x6c Services/ServiceFunctions/Misc.o
 .debug_info    0x00000000      0x282 Services/ServiceFunctions/Misc.o
 .debug_abbrev  0x00000000      0x10b Services/ServiceFunctions/Misc.o
 .debug_loc     0x00000000      0x2a3 Services/ServiceFunctions/Misc.o
 .debug_aranges
                0x00000000       0x38 Services/ServiceFunctions/Misc.o
 .debug_ranges  0x00000000       0x40 Services/ServiceFunctions/Misc.o
 .debug_line    0x00000000      0x1d0 Services/ServiceFunctions/Misc.o
 .debug_str     0x00000000      0x241 Services/ServiceFunctions/Misc.o
 .comment       0x00000000       0x31 Services/ServiceFunctions/Misc.o
 .debug_frame   0x00000000       0x60 Services/ServiceFunctions/Misc.o
 .text          0x00000000        0x0 c:/program files (x86)/atmel/studio/7.0/toolchain/avr8/avr8-gnu-toolchain/bin/../lib/gcc/avr/5.4.0/avr5\libgcc.a(_udivmodhi4.o)
 .data          0x00000000        0x0 c:/program files (x86)/atmel/studio/7.0/toolchain/avr8/avr8-gnu-toolchain/bin/../lib/gcc/avr/5.4.0/avr5\libgcc.a(_udivmodhi4.o)
 .bss           0x00000000        0x0 c:/program files (x86)/atmel/studio/7.0/toolchain/avr8/avr8-gnu-toolchain/bin/../lib/gcc/avr/5.4.0/avr5\libgcc.a(_udivmodhi4.o)
 .text.libgcc.mul
                0x00000000        0x0 c:/program files (x86)/atmel/studio/7.0/toolchain/avr8/avr8-gnu-toolchain/bin/../lib/gcc/avr/5.4.0/avr5\libgcc.a(_udivmodhi4.o)
 .text.libgcc.div
                0x00000000       0x28 c:/program files (x86)/atmel/studio/7.0/toolchain/avr8/avr8-gnu-toolchain/bin/../lib/gcc/avr/5.4.0/avr5\libgcc.a(_udivmodhi4.o)
 .text.libgcc   0x00000000        0x0 c:/program files (x86)/atmel/studio/7.0/toolchain/avr8/avr8-gnu-toolchain/bin/../lib/gcc/avr/5.4.0/avr5\libgcc.a(_udivmodhi4.o)
 .text.libgcc.prologue
                0x00000000        0x0 c:/program files (x86)/atmel/studio/7.0/toolchain/avr8/avr8-gnu-toolchain/bin/../lib/gcc/avr/5.4.0/avr5\libgcc.a(_udivmodhi4.o)
 .text.libgcc.builtins
                0x00000000        0x0 c:/program files (x86)/atmel/studio/7.0/toolchain/avr8/avr8-gnu-toolchain/bin/../lib/gcc/avr/5.4.0/avr5\libgcc.a(_udivmodhi4.o)
 .text.libgcc.fmul
                0x00000000        0x0 c:/program files (x86)/atmel/studio/7.0/toolchain/avr8/avr8-gnu-toolchain/bin/../lib/gcc/avr/5.4.0/avr5\libgcc.a(_udivmodhi4.o)
 .text.libgcc.fixed
                0x00000000        0x0 c:/program files (x86)/atmel/studio/7.0/toolchain/avr8/avr8-gnu-toolchain/bin/../lib/gcc/avr/5.4.0/avr5\libgcc.a(_udivmodhi4.o)
 .text          0x00000000        0x0 c:/program files (x86)/atmel/studio/7.0/toolchain/avr8/avr8-gnu-toolchain/bin/../lib/gcc/avr/5.4.0/avr5\libgcc.a(_udivmodsi4.o)
 .data          0x00000000        0x0 c:/program files (x86)/atmel/studio/7.0/toolchain/avr8/avr8-gnu-toolchain/bin/../lib/gcc/avr/5.4.0/avr5\libgcc.a(_udivmodsi4.o)
 .bss           0x00000000        0x0 c:/program files (x86)/atmel/studio/7.0/toolchain/avr8/avr8-gnu-toolchain/bin/../lib/gcc/avr/5.4.0/avr5\libgcc.a(_udivmodsi4.o)
 .text.libgcc.mul
                0x00000000        0x0 c:/program files (x86)/atmel/studio/7.0/toolchain/avr8/avr8-gnu-toolchain/bin/../lib/gcc/avr/5.4.0/avr5\libgcc.a(_udivmodsi4.o)
 .text.libgcc.div
                0x00000000       0x44 c:/program files (x86)/atmel/studio/7.0/toolchain/avr8/avr8-gnu-toolchain/bin/../lib/gcc/avr/5.4.0/avr5\libgcc.a(_udivmodsi4.o)
 .text.libgcc   0x00000000        0x0 c:/program files (x86)/atmel/studio/7.0/toolchain/avr8/avr8-gnu-toolchain/bin/../lib/gcc/avr/5.4.0/avr5\libgcc.a(_udivmodsi4.o)
 .text.libgcc.prologue
                0x00000000        0x0 c:/program files (x86)/atmel/studio/7.0/toolchain/avr8/avr8-gnu-toolchain/bin/../lib/gcc/avr/5.4.0/avr5\libgcc.a(_udivmodsi4.o)
 .text.libgcc.builtins
                0x00000000        0x0 c:/program files (x86)/atmel/studio/7.0/toolchain/avr8/avr8-gnu-toolchain/bin/../lib/gcc/avr/5.4.0/avr5\libgcc.a(_udivmodsi4.o)
 .text.libgcc.fmul
                0x00000000        0x0 c:/program files (x86)/atmel/studio/7.0/toolchain/avr8/avr8-gnu-toolchain/bin/../lib/gcc/avr/5.4.0/avr5\libgcc.a(_udivmodsi4.o)
 .text.libgcc.fixed
                0x00000000        0x0 c:/program files (x86)/atmel/studio/7.0/toolchain/avr8/avr8-gnu-toolchain/bin/../lib/gcc/avr/5.4.0/avr5\libgcc.a(_udivmodsi4.o)
 .text          0x00000000        0x0 c:/program files (x86)/atmel/studio/7.0/toolchain/avr8/avr8-gnu-toolchain/bin/../lib/gcc/avr/5.4.0/avr5\libgcc.a(_divmodsi4.o)
 .data          0x00000000        0x0 c:/program files (x86)/atmel/studio/7.0/toolchain/avr8/avr8-gnu-toolchain/bin/../lib/gcc/avr/5.4.0/avr5\libgcc.a(_divmodsi4.o)
 .bss           0x00000000        0x0 c:/program files (x86)/atmel/studio/7.0/toolchain/avr8/avr8-gnu-toolchain/bin/../lib/gcc/avr/5.4.0/avr5\libgcc.a(_divmodsi4.o)
 .text.libgcc.mul
                0x00000000        0x0 c:/program files (x86)/atmel/studio/7.0/toolchain/avr8/avr8-gnu-toolchain/bin/../lib/gcc/avr/5.4.0/avr5\libgcc.a(_divmodsi4.o)
 .text.libgcc.div
                0x00000000       0x2e c:/program files (x86)/atmel/studio/7.0/toolchain/avr8/avr8-gnu-toolchain/bin/../lib/gcc/avr/5.4.0/avr5\libgcc.a(_divmodsi4.o)
 .text.libgcc   0x00000000        0x0 c:/program files (x86)/atmel/studio/7.0/toolchain/avr8/avr8-gnu-toolchain/bin/../lib/gcc/avr/5.4.0/avr5\libgcc.a(_divmodsi4.o)
 .text.libgcc.prologue
                0x00000000        0x0 c:/program files (x86)/atmel/studio/7.0/toolchain/avr8/avr8-gnu-toolchain/bin/../lib/gcc/avr/5.4.0/avr5\libgcc.a(_divmodsi4.o)
 .text.libgcc.builtins
                0x00000000        0x0 c:/program files (x86)/atmel/studio/7.0/toolchain/avr8/avr8-gnu-toolchain/bin/../lib/gcc/avr/5.4.0/avr5\libgcc.a(_divmodsi4.o)
 .text.libgcc.fmul
                0x00000000        0x0 c:/program files (x86)/atmel/studio/7.0/toolchain/avr8/avr8-gnu-toolchain/bin/../lib/gcc/avr/5.4.0/avr5\libgcc.a(_divmodsi4.o)
 .text.libgcc.fixed
                0x00000000        0x0 c:/program files (x86)/atmel/studio/7.0/toolchain/avr8/avr8-gnu-toolchain/bin/../lib/gcc/avr/5.4.0/avr5\libgcc.a(_divmodsi4.o)
 .text          0x00000000        0x0 c:/program files (x86)/atmel/studio/7.0/toolchain/avr8/avr8-gnu-toolchain/bin/../lib/gcc/avr/5.4.0/avr5\libgcc.a(_negsi2.o)
 .data          0x00000000        0x0 c:/program files (x86)/atmel/studio/7.0/toolchain/avr8/avr8-gnu-toolchain/bin/../lib/gcc/avr/5.4.0/avr5\libgcc.a(_negsi2.o)
 .bss           0x00000000        0x0 c:/program files (x86)/atmel/studio/7.0/toolchain/avr8/avr8-gnu-toolchain/bin/../lib/gcc/avr/5.4.0/avr5\libgcc.a(_negsi2.o)
 .text.libgcc.mul
                0x00000000        0x0 c:/program files (x86)/atmel/studio/7.0/toolchain/avr8/avr8-gnu-toolchain/bin/../lib/gcc/avr/5.4.0/avr5\libgcc.a(_negsi2.o)
 .text.libgcc.div
                0x00000000       0x10 c:/program files (x86)/atmel/studio/7.0/toolchain/avr8/avr8-gnu-toolchain/bin/../lib/gcc/avr/5.4.0/avr5\libgcc.a(_negsi2.o)
 .text.libgcc   0x00000000        0x0 c:/program files (x86)/atmel/studio/7.0/toolchain/avr8/avr8-gnu-toolchain/bin/../lib/gcc/avr/5.4.0/avr5\libgcc.a(_negsi2.o)
 .text.libgcc.prologue
                0x00000000        0x0 c:/program files (x86)/atmel/studio/7.0/toolchain/avr8/avr8-gnu-toolchain/bin/../lib/gcc/avr/5.4.0/avr5\libgcc.a(_negsi2.o)
 .text.libgcc.builtins
                0x00000000        0x0 c:/program files (x86)/atmel/studio/7.0/toolchain/avr8/avr8-gnu-toolchain/bin/../lib/gcc/avr/5.4.0/avr5\libgcc.a(_negsi2.o)
 .text.libgcc.fmul
                0x00000000        0x0 c:/program files (x86)/atmel/studio/7.0/toolchain/avr8/avr8-gnu-toolchain/bin/../lib/gcc/avr/5.4.0/avr5\libgcc.a(_negsi2.o)
 .text.libgcc.fixed
                0x00000000        0x0 c:/program files (x86)/atmel/studio/7.0/toolchain/avr8/avr8-gnu-toolchain/bin/../lib/gcc/avr/5.4.0/avr5\libgcc.a(_negsi2.o)
 .text          0x00000000        0x0 c:/program files (x86)/atmel/studio/7.0/toolchain/avr8/avr8-gnu-toolchain/bin/../lib/gcc/avr/5.4.0/avr5\libgcc.a(_exit.o)
 .data          0x00000000        0x0 c:/program files (x86)/atmel/studio/7.0/toolchain/avr8/avr8-gnu-toolchain/bin/../lib/gcc/avr/5.4.0/avr5\libgcc.a(_exit.o)
 .bss           0x00000000        0x0 c:/program files (x86)/atmel/studio/7.0/toolchain/avr8/avr8-gnu-toolchain/bin/../lib/gcc/avr/5.4.0/avr5\libgcc.a(_exit.o)
 .text.libgcc.mul
                0x00000000        0x0 c:/program files (x86)/atmel/studio/7.0/toolchain/avr8/avr8-gnu-toolchain/bin/../lib/gcc/avr/5.4.0/avr5\libgcc.a(_exit.o)
 .text.libgcc.div
                0x00000000        0x0 c:/program files (x86)/atmel/studio/7.0/toolchain/avr8/avr8-gnu-toolchain/bin/../lib/gcc/avr/5.4.0/avr5\libgcc.a(_exit.o)
 .text.libgcc   0x00000000        0x0 c:/program files (x86)/atmel/studio/7.0/toolchain/avr8/avr8-gnu-toolchain/bin/../lib/gcc/avr/5.4.0/avr5\libgcc.a(_exit.o)
 .text.libgcc.prologue
                0x00000000        0x0 c:/program files (x86)/atmel/studio/7.0/toolchain/avr8/avr8-gnu-toolchain/bin/../lib/gcc/avr/5.4.0/avr5\libgcc.a(_exit.o)
 .text.libgcc.builtins
                0x00000000        0x0 c:/program files (x86)/atmel/studio/7.0/toolchain/avr8/avr8-gnu-toolchain/bin/../lib/gcc/avr/5.4.0/avr5\libgcc.a(_exit.o)
 .text.libgcc.fmul
                0x00000000        0x0 c:/program files (x86)/atmel/studio/7.0/toolchain/avr8/avr8-gnu-toolchain/bin/../lib/gcc/avr/5.4.0/avr5\libgcc.a(_exit.o)
 .text.libgcc.fixed
                0x00000000        0x0 c:/program files (x86)/atmel/studio/7.0/toolchain/avr8/avr8-gnu-toolchain/bin/../lib/gcc/avr/5.4.0/avr5\libgcc.a(_exit.o)
 .text          0x00000000        0x0 c:/program files (x86)/atmel/studio/7.0/toolchain/avr8/avr8-gnu-toolchain/bin/../lib/gcc/avr/5.4.0/avr5\libgcc.a(_tablejump2.o)
 .data          0x00000000        0x0 c:/program files (x86)/atmel/studio/7.0/toolchain/avr8/avr8-gnu-toolchain/bin/../lib/gcc/avr/5.4.0/avr5\libgcc.a(_tablejump2.o)
 .bss           0x00000000        0x0 c:/program files (x86)/atmel/studio/7.0/toolchain/avr8/avr8-gnu-toolchain/bin/../lib/gcc/avr/5.4.0/avr5\libgcc.a(_tablejump2.o)
 .text.libgcc.mul
                0x00000000        0x0 c:/program files (x86)/atmel/studio/7.0/toolchain/avr8/avr8-gnu-toolchain/bin/../lib/gcc/avr/5.4.0/avr5\libgcc.a(_tablejump2.o)
 .text.libgcc.div
                0x00000000        0x0 c:/program files (x86)/atmel/studio/7.0/toolchain/avr8/avr8-gnu-toolchain/bin/../lib/gcc/avr/5.4.0/avr5\libgcc.a(_tablejump2.o)
 .text.libgcc   0x00000000        0xc c:/program files (x86)/atmel/studio/7.0/toolchain/avr8/avr8-gnu-toolchain/bin/../lib/gcc/avr/5.4.0/avr5\libgcc.a(_tablejump2.o)
 .text.libgcc.prologue
                0x00000000        0x0 c:/program files (x86)/atmel/studio/7.0/toolchain/avr8/avr8-gnu-toolchain/bin/../lib/gcc/avr/5.4.0/avr5\libgcc.a(_tablejump2.o)
 .text.libgcc.builtins
                0x00000000        0x0 c:/program files (x86)/atmel/studio/7.0/toolchain/avr8/avr8-gnu-toolchain/bin/../lib/gcc/avr/5.4.0/avr5\libgcc.a(_tablejump2.o)
 .text.libgcc.fmul
                0x00000000        0x0 c:/program files (x86)/atmel/studio/7.0/toolchain/avr8/avr8-gnu-toolchain/bin/../lib/gcc/avr/5.4.0/avr5\libgcc.a(_tablejump2.o)
 .text.libgcc.fixed
                0x00000000        0x0 c:/program files (x86)/atmel/studio/7.0/toolchain/avr8/avr8-gnu-toolchain/bin/../lib/gcc/avr/5.4.0/avr5\libgcc.a(_tablejump2.o)
 .text          0x00000000        0x0 c:/program files (x86)/atmel/studio/7.0/toolchain/avr8/avr8-gnu-toolchain/bin/../lib/gcc/avr/5.4.0/avr5\libgcc.a(_copy_data.o)
 .data          0x00000000        0x0 c:/program files (x86)/atmel/studio/7.0/toolchain/avr8/avr8-gnu-toolchain/bin/../lib/gcc/avr/5.4.0/avr5\libgcc.a(_copy_data.o)
 .bss           0x00000000        0x0 c:/program files (x86)/atmel/studio/7.0/toolchain/avr8/avr8-gnu-toolchain/bin/../lib/gcc/avr/5.4.0/avr5\libgcc.a(_copy_data.o)
 .text.libgcc.mul
                0x00000000        0x0 c:/program files (x86)/atmel/studio/7.0/toolchain/avr8/avr8-gnu-toolchain/bin/../lib/gcc/avr/5.4.0/avr5\libgcc.a(_copy_data.o)
 .text.libgcc.div
                0x00000000        0x0 c:/program files (x86)/atmel/studio/7.0/toolchain/avr8/avr8-gnu-toolchain/bin/../lib/gcc/avr/5.4.0/avr5\libgcc.a(_copy_data.o)
 .text.libgcc   0x00000000        0x0 c:/program files (x86)/atmel/studio/7.0/toolchain/avr8/avr8-gnu-toolchain/bin/../lib/gcc/avr/5.4.0/avr5\libgcc.a(_copy_data.o)
 .text.libgcc.prologue
                0x00000000        0x0 c:/program files (x86)/atmel/studio/7.0/toolchain/avr8/avr8-gnu-toolchain/bin/../lib/gcc/avr/5.4.0/avr5\libgcc.a(_copy_data.o)
 .text.libgcc.builtins
                0x00000000        0x0 c:/program files (x86)/atmel/studio/7.0/toolchain/avr8/avr8-gnu-toolchain/bin/../lib/gcc/avr/5.4.0/avr5\libgcc.a(_copy_data.o)
 .text.libgcc.fmul
                0x00000000        0x0 c:/program files (x86)/atmel/studio/7.0/toolchain/avr8/avr8-gnu-toolchain/bin/../lib/gcc/avr/5.4.0/avr5\libgcc.a(_copy_data.o)
 .text.libgcc.fixed
                0x00000000        0x0 c:/program files (x86)/atmel/studio/7.0/toolchain/avr8/avr8-gnu-toolchain/bin/../lib/gcc/avr/5.4.0/avr5\libgcc.a(_copy_data.o)
 .text          0x00000000        0x0 c:/program files (x86)/atmel/studio/7.0/toolchain/avr8/avr8-gnu-toolchain/bin/../lib/gcc/avr/5.4.0/avr5\libgcc.a(_clear_bss.o)
 .data          0x00000000        0x0 c:/program files (x86)/atmel/studio/7.0/toolchain/avr8/avr8-gnu-toolchain/bin/../lib/gcc/avr/5.4.0/avr5\libgcc.a(_clear_bss.o)
 .bss           0x00000000        0x0 c:/program files (x86)/atmel/studio/7.0/toolchain/avr8/avr8-gnu-toolchain/bin/../lib/gcc/avr/5.4.0/avr5\libgcc.a(_clear_bss.o)
 .text.libgcc.mul
                0x00000000        0x0 c:/program files (x86)/atmel/studio/7.0/toolchain/avr8/avr8-gnu-toolchain/bin/../lib/gcc/avr/5.4.0/avr5\libgcc.a(_clear_bss.o)
 .text.libgcc.div
                0x00000000        0x0 c:/program files (x86)/atmel/studio/7.0/toolchain/avr8/avr8-gnu-toolchain/bin/../lib/gcc/avr/5.4.0/avr5\libgcc.a(_clear_bss.o)
 .text.libgcc   0x00000000        0x0 c:/program files (x86)/atmel/studio/7.0/toolchain/avr8/avr8-gnu-toolchain/bin/../lib/gcc/avr/5.4.0/avr5\libgcc.a(_clear_bss.o)
 .text.libgcc.prologue
                0x00000000        0x0 c:/program files (x86)/atmel/studio/7.0/toolchain/avr8/avr8-gnu-toolchain/bin/../lib/gcc/avr/5.4.0/avr5\libgcc.a(_clear_bss.o)
 .text.libgcc.builtins
                0x00000000        0x0 c:/program files (x86)/atmel/studio/7.0/toolchain/avr8/avr8-gnu-toolchain/bin/../lib/gcc/avr/5.4.0/avr5\libgcc.a(_clear_bss.o)
 .text.libgcc.fmul
                0x00000000        0x0 c:/program files (x86)/atmel/studio/7.0/toolchain/avr8/avr8-gnu-toolchain/bin/../lib/gcc/avr/5.4.0/avr5\libgcc.a(_clear_bss.o)
 .text.libgcc.fixed
                0x00000000        0x0 c:/program files (x86)/atmel/studio/7.0/toolchain/avr8/avr8-gnu-toolchain/bin/../lib/gcc/avr/5.4.0/avr5\libgcc.a(_clear_bss.o)
 .text          0x00000000        0x0 c:/program files (x86)/atmel/studio/7.0/toolchain/avr8/avr8-gnu-toolchain/bin/../lib/gcc/avr/5.4.0/avr5\libgcc.a(_umulhisi3.o)
 .data          0x00000000        0x0 c:/program files (x86)/atmel/studio/7.0/toolchain/avr8/avr8-gnu-toolchain/bin/../lib/gcc/avr/5.4.0/avr5\libgcc.a(_umulhisi3.o)
 .bss           0x00000000        0x0 c:/program files (x86)/atmel/studio/7.0/toolchain/avr8/avr8-gnu-toolchain/bin/../lib/gcc/avr/5.4.0/avr5\libgcc.a(_umulhisi3.o)
 .text.libgcc.mul
                0x00000000       0x1e c:/program files (x86)/atmel/studio/7.0/toolchain/avr8/avr8-gnu-toolchain/bin/../lib/gcc/avr/5.4.0/avr5\libgcc.a(_umulhisi3.o)
 .text.libgcc.div
                0x00000000        0x0 c:/program files (x86)/atmel/studio/7.0/toolchain/avr8/avr8-gnu-toolchain/bin/../lib/gcc/avr/5.4.0/avr5\libgcc.a(_umulhisi3.o)
 .text.libgcc   0x00000000        0x0 c:/program files (x86)/atmel/studio/7.0/toolchain/avr8/avr8-gnu-toolchain/bin/../lib/gcc/avr/5.4.0/avr5\libgcc.a(_umulhisi3.o)
 .text.libgcc.prologue
                0x00000000        0x0 c:/program files (x86)/atmel/studio/7.0/toolchain/avr8/avr8-gnu-toolchain/bin/../lib/gcc/avr/5.4.0/avr5\libgcc.a(_umulhisi3.o)
 .text.libgcc.builtins
                0x00000000        0x0 c:/program files (x86)/atmel/studio/7.0/toolchain/avr8/avr8-gnu-toolchain/bin/../lib/gcc/avr/5.4.0/avr5\libgcc.a(_umulhisi3.o)
 .text.libgcc.fmul
                0x00000000        0x0 c:/program files (x86)/atmel/studio/7.0/toolchain/avr8/avr8-gnu-toolchain/bin/../lib/gcc/avr/5.4.0/avr5\libgcc.a(_umulhisi3.o)
 .text.libgcc.fixed
                0x00000000        0x0 c:/program files (x86)/atmel/studio/7.0/toolchain/avr8/avr8-gnu-toolchain/bin/../lib/gcc/avr/5.4.0/avr5\libgcc.a(_umulhisi3.o)
 .text          0x00000000        0x0 c:/program files (x86)/atmel/studio/7.0/toolchain/avr8/avr8-gnu-toolchain/bin/../lib/gcc/avr/5.4.0/avr5\libgcc.a(_muluhisi3.o)
 .data          0x00000000        0x0 c:/program files (x86)/atmel/studio/7.0/toolchain/avr8/avr8-gnu-toolchain/bin/../lib/gcc/avr/5.4.0/avr5\libgcc.a(_muluhisi3.o)
 .bss           0x00000000        0x0 c:/program files (x86)/atmel/studio/7.0/toolchain/avr8/avr8-gnu-toolchain/bin/../lib/gcc/avr/5.4.0/avr5\libgcc.a(_muluhisi3.o)
 .text.libgcc.mul
                0x00000000       0x16 c:/program files (x86)/atmel/studio/7.0/toolchain/avr8/avr8-gnu-toolchain/bin/../lib/gcc/avr/5.4.0/avr5\libgcc.a(_muluhisi3.o)
 .text.libgcc.div
                0x00000000        0x0 c:/program files (x86)/atmel/studio/7.0/toolchain/avr8/avr8-gnu-toolchain/bin/../lib/gcc/avr/5.4.0/avr5\libgcc.a(_muluhisi3.o)
 .text.libgcc   0x00000000        0x0 c:/program files (x86)/atmel/studio/7.0/toolchain/avr8/avr8-gnu-toolchain/bin/../lib/gcc/avr/5.4.0/avr5\libgcc.a(_muluhisi3.o)
 .text.libgcc.prologue
                0x00000000        0x0 c:/program files (x86)/atmel/studio/7.0/toolchain/avr8/avr8-gnu-toolchain/bin/../lib/gcc/avr/5.4.0/avr5\libgcc.a(_muluhisi3.o)
 .text.libgcc.builtins
                0x00000000        0x0 c:/program files (x86)/atmel/studio/7.0/toolchain/avr8/avr8-gnu-toolchain/bin/../lib/gcc/avr/5.4.0/avr5\libgcc.a(_muluhisi3.o)
 .text.libgcc.fmul
                0x00000000        0x0 c:/program files (x86)/atmel/studio/7.0/toolchain/avr8/avr8-gnu-toolchain/bin/../lib/gcc/avr/5.4.0/avr5\libgcc.a(_muluhisi3.o)
 .text.libgcc.fixed
                0x00000000        0x0 c:/program files (x86)/atmel/studio/7.0/toolchain/avr8/avr8-gnu-toolchain/bin/../lib/gcc/avr/5.4.0/avr5\libgcc.a(_muluhisi3.o)
 .text          0x00000000        0x0 c:/program files (x86)/atmel/studio/7.0/toolchain/avr8/avr8-gnu-toolchain/bin/../lib/gcc/avr/5.4.0/../../../../avr/lib/avr5\libc.a(memcpy.o)
 .data          0x00000000        0x0 c:/program files (x86)/atmel/studio/7.0/toolchain/avr8/avr8-gnu-toolchain/bin/../lib/gcc/avr/5.4.0/../../../../avr/lib/avr5\libc.a(memcpy.o)
 .bss           0x00000000        0x0 c:/program files (x86)/atmel/studio/7.0/toolchain/avr8/avr8-gnu-toolchain/bin/../lib/gcc/avr/5.4.0/../../../../avr/lib/avr5\libc.a(memcpy.o)
 .text.avr-libc
                0x00000000       0x12 c:/program files (x86)/atmel/studio/7.0/toolchain/avr8/avr8-gnu-toolchain/bin/../lib/gcc/avr/5.4.0/../../../../avr/lib/avr5\libc.a(memcpy.o)

Memory Configuration

Name             Origin             Length             Attributes
text             0x00000000         0x00008000         xr
data             0x00800060         0x00000800         rw !x
eeprom           0x00810000         0x00000400         rw !x
fuse             0x00820000         0x00000002         rw !x
lock             0x00830000         0x00000400         rw !x
signature        0x00840000         0x00000400         rw !x
user_signatures  0x00850000         0x00000400         rw !x
*default*        0x00000000         0xffffffff

Linker script and memory map

LOAD C:/Program Files (x86)/Atmel/Studio/7.0/Packs/atmel/ATmega_DFP/1.6.364/gcc/dev/atmega32/avr5/crtatmega32.o
LOAD APP/M2M_Master/Bluetooth_Task/T_Bluetooth.o
LOAD APP/M2M_Master/Keypad_Task/T_Keypad.o
LOAD APP/M2M_Master/LED_Task/T_LED.o
LOAD APP/M2M_Master/Management_Task/T_Management.o
LOAD ECUAL/Bluetooth/BLUETOOTH.o
LOAD ECUAL/Bluetooth/BLUETOOTH_Cfg.o
LOAD ECUAL/EEPROM/EEPROM.o
LOAD ECUAL/Keypad/Keypad.o
LOAD ECUAL/LCD/LCD.o
LOAD ECUAL/LED/LED.o
LOAD ECUAL/SSD/7seg.o
LOAD main.o
LOAD MCAL/DIO/DIO.o
LOAD MCAL/I2C/I2C.o
LOAD MCAL/PWM/PWM.o
LOAD MCAL/PWM/PWM_Cfg.o
LOAD MCAL/UART/UART.o
LOAD Services/CRC16/CRC.o
LOAD Services/FreeRTOS/src/croutine.o
LOAD Services/FreeRTOS/src/event_groups.o
LOAD Services/FreeRTOS/src/heap_1.o
LOAD Services/FreeRTOS/src/integer.o
LOAD Services/FreeRTOS/src/list.o
LOAD Services/FreeRTOS/src/PollQ.o
LOAD Services/FreeRTOS/src/port.o
LOAD Services/FreeRTOS/src/queue.o
LOAD Services/FreeRTOS/src/tasks.o
LOAD Services/ServiceFunctions/Misc.o
START GROUP
LOAD c:/program files (x86)/atmel/studio/7.0/toolchain/avr8/avr8-gnu-toolchain/bin/../lib/gcc/avr/5.4.0/../../../../avr/lib/avr5\libm.a
END GROUP
START GROUP
LOAD c:/program files (x86)/atmel/studio/7.0/toolchain/avr8/avr8-gnu-toolchain/bin/../lib/gcc/avr/5.4.0/avr5\libgcc.a
LOAD c:/program files (x86)/atmel/studio/7.0/toolchain/avr8/avr8-gnu-toolchain/bin/../lib/gcc/avr/5.4.0/../../../../avr/lib/avr5\libm.a
LOAD c:/program files (x86)/atmel/studio/7.0/toolchain/avr8/avr8-gnu-toolchain/bin/../lib/gcc/avr/5.4.0/../../../../avr/lib/avr5\libc.a
LOAD C:/Program Files (x86)/Atmel/Studio/7.0/Packs/atmel/ATmega_DFP/1.6.364/gcc/dev/atmega32/avr5\libatmega32.a
END GROUP
                0x00000000                __TEXT_REGION_ORIGIN__ = DEFINED (__TEXT_REGION_ORIGIN__)?__TEXT_REGION_ORIGIN__:0x0
                [0x00800060]                __DATA_REGION_ORIGIN__ = DEFINED (__DATA_REGION_ORIGIN__)?__DATA_REGION_ORIGIN__:0x800060
                [0x00008000]                __TEXT_REGION_LENGTH__ = DEFINED (__TEXT_REGION_LENGTH__)?__TEXT_REGION_LENGTH__:0x20000
                [0x00000800]                __DATA_REGION_LENGTH__ = DEFINED (__DATA_REGION_LENGTH__)?__DATA_REGION_LENGTH__:0xffa0
                [0x00000400]                __EEPROM_REGION_LENGTH__ = DEFINED (__EEPROM_REGION_LENGTH__)?__EEPROM_REGION_LENGTH__:0x10000
                [0x00000002]                __FUSE_REGION_LENGTH__ = DEFINED (__FUSE_REGION_LENGTH__)?__FUSE_REGION_LENGTH__:0x400
                0x00000400                __LOCK_REGION_LENGTH__ = DEFINED (__LOCK_REGION_LENGTH__)?__LOCK_REGION_LENGTH__:0x400
                0x00000400                __SIGNATURE_REGION_LENGTH__ = DEFINED (__SIGNATURE_REGION_LENGTH__)?__SIGNATURE_REGION_LENGTH__:0x400
                0x00000400                __USER_SIGNATURE_REGION_LENGTH__ = DEFINED (__USER_SIGNATURE_REGION_LENGTH__)?__USER_SIGNATURE_REGION_LENGTH__:0x400

.hash
 *(.hash)

.dynsym
 *(.dynsym)

.dynstr
 *(.dynstr)

.gnu.version
 *(.gnu.version)

.gnu.version_d
 *(.gnu.version_d)

.gnu.version_r
 *(.gnu.version_r)

.rel.init
 *(.rel.init)

.rela.init
 *(.rela.init)

.rel.text
 *(.rel.text)
 *(.rel.text.*)
 *(.rel.gnu.linkonce.t*)

.rela.text
 *(.rela.text)
 *(.rela.text.*)
 *(.rela.gnu.linkonce.t*)

.rel.fini
 *(.rel.fini)

.rela.fini
 *(.rela.fini)

.rel.rodata
 *(.rel.rodata)
 *(.rel.rodata.*)
 *(.rel.gnu.linkonce.r*)

.rela.rodata
 *(.rela.rodata)
 *(.rela.rodata.*)
 *(.rela.gnu.linkonce.r*)

.rel.data
 *(.rel.data)
 *(.rel.data.*)
 *(.rel.gnu.linkonce.d*)

.rela.data
 *(.rela.data)
 *(.rela.data.*)
 *(.rela.gnu.linkonce.d*)

.rel.ctors
 *(.rel.ctors)

.rela.ctors
 *(.rela.ctors)

.rel.dtors
 *(.rel.dtors)

.rela.dtors
 *(.rela.dtors)

.rel.got
 *(.rel.got)

.rela.got
 *(.rela.got)

.rel.bss
 *(.rel.bss)

.rela.bss
 *(.rela.bss)

.rel.plt
 *(.rel.plt)

.rela.plt
 *(.rela.plt)

.text           0x00000000      0xe22
 *(.vectors)
 .vectors       0x00000000       0x54 C:/Program Files (x86)/Atmel/Studio/7.0/Packs/atmel/ATmega_DFP/1.6.364/gcc/dev/atmega32/avr5/crtatmega32.o
                0x00000000                __vector_default
                0x00000000                __vectors
 *(.vectors)
 *(.progmem.gcc*)
                0x00000054                . = ALIGN (0x2)
                0x00000054                __trampolines_start = .
 *(.trampolines)
 .trampolines   0x00000054        0x0 linker stubs
 *(.trampolines*)
                0x00000054                __trampolines_end = .
 *libprintf_flt.a:*(.progmem.data)
 *libc.a:*(.progmem.data)
 *(.progmem*)
                0x00000054                . = ALIGN (0x2)
 *(.jumptables)
 *(.jumptables*)
 *(.lowtext)
 *(.lowtext*)
                0x00000054                __ctors_start = .
 *(.ctors)
                0x00000054                __ctors_end = .
                0x00000054                __dtors_start = .
 *(.dtors)
                0x00000054                __dtors_end = .
 SORT(*)(.ctors)
 SORT(*)(.dtors)
 *(.init0)
 .init0         0x00000054        0x0 C:/Program Files (x86)/Atmel/Studio/7.0/Packs/atmel/ATmega_DFP/1.6.364/gcc/dev/atmega32/avr5/crtatmega32.o
                0x00000054                __init
 *(.init0)
 *(.init1)
 *(.init1)
 *(.init2)
 .init2         0x00000054        0xc C:/Program Files (x86)/Atmel/Studio/7.0/Packs/atmel/ATmega_DFP/1.6.364/gcc/dev/atmega32/avr5/crtatmega32.o
 *(.init2)
 *(.init3)
 *(.init3)
 *(.init4)
 .init4         0x00000060       0x16 c:/program files (x86)/atmel/studio/7.0/toolchain/avr8/avr8-gnu-toolchain/bin/../lib/gcc/avr/5.4.0/avr5\libgcc.a(_copy_data.o)
                0x00000060                __do_copy_data
 .init4         0x00000076       0x10 c:/program files (x86)/atmel/studio/7.0/toolchain/avr8/avr8-gnu-toolchain/bin/../lib/gcc/avr/5.4.0/avr5\libgcc.a(_clear_bss.o)
                0x00000076                __do_clear_bss
 *(.init4)
 *(.init5)
 *(.init5)
 *(.init6)
 *(.init6)
 *(.init7)
 *(.init7)
 *(.init8)
 *(.init8)
 *(.init9)
 .init9         0x00000086        0x8 C:/Program Files (x86)/Atmel/Studio/7.0/Packs/atmel/ATmega_DFP/1.6.364/gcc/dev/atmega32/avr5/crtatmega32.o
 *(.init9)
 *(.text)
 .text          0x0000008e        0x4 C:/Program Files (x86)/Atmel/Studio/7.0/Packs/atmel/ATmega_DFP/1.6.364/gcc/dev/atmega32/avr5/crtatmega32.o
                0x0000008e                __vector_1
                0x0000008e                __vector_12
                0x0000008e                __bad_interrupt
                0x0000008e                __vector_6
                0x0000008e                __vector_3
                0x0000008e                __vector_11
                0x0000008e                __vector_17
                0x0000008e                __vector_5
                0x0000008e                __vector_4
                0x0000008e                __vector_9
                0x0000008e                __vector_2
                0x0000008e                __vector_8
                0x0000008e                __vector_14
                0x0000008e                __vector_10
                0x0000008e                __vector_16
                0x0000008e                __vector_18
                0x0000008e                __vector_20
                0x00000092                . = ALIGN (0x2)
 *(.text.*)
 .text.test     0x00000092       0x40 main.o
                0x00000092                test
 .text.main     0x000000d2       0x44 main.o
                0x000000d2                main
 .text.DIO_PinInit
                0x00000116       0x7c MCAL/DIO/DIO.o
                0x00000116                DIO_PinInit
 .text.DIO_PinWrite
                0x00000192       0x50 MCAL/DIO/DIO.o
                0x00000192                DIO_PinWrite
 .text.__vector_19
                0x000001e2       0x52 MCAL/I2C/I2C.o
                0x000001e2                __vector_19
 .text.__vector_13
                0x00000234       0x52 MCAL/UART/UART.o
                0x00000234                __vector_13
 .text.__vector_15
                0x00000286       0x52 MCAL/UART/UART.o
                0x00000286                __vector_15
 .text.pvPortMalloc
                0x000002d8       0x6a Services/FreeRTOS/src/heap_1.o
                0x000002d8                pvPortMalloc
 .text.vPortFree
                0x00000342        0x2 Services/FreeRTOS/src/heap_1.o
                0x00000342                vPortFree
 .text.vListInitialise
                0x00000344       0x22 Services/FreeRTOS/src/list.o
                0x00000344                vListInitialise
 .text.vListInitialiseItem
                0x00000366        0x8 Services/FreeRTOS/src/list.o
                0x00000366                vListInitialiseItem
 .text.vListInsertEnd
                0x0000036e       0x42 Services/FreeRTOS/src/list.o
                0x0000036e                vListInsertEnd
 .text.vListInsert
                0x000003b0       0x7a Services/FreeRTOS/src/list.o
                0x000003b0                vListInsert
 .text.uxListRemove
                0x0000042a       0x4c Services/FreeRTOS/src/list.o
                0x0000042a                uxListRemove
 .text.prvSetupTimerInterrupt
                0x00000476       0x12 Services/FreeRTOS/src/port.o
 .text.pxPortInitialiseStack
                0x00000488       0xd8 Services/FreeRTOS/src/port.o
                0x00000488                pxPortInitialiseStack
 .text.xPortStartScheduler
                0x00000560       0x5e Services/FreeRTOS/src/port.o
                0x00000560                xPortStartScheduler
 .text.vPortYield
                0x000005be       0xb2 Services/FreeRTOS/src/port.o
                0x000005be                vPortYield
 .text.__vector_7
                0x00000670       0x48 Services/FreeRTOS/src/port.o
                0x00000670                __vector_7
 .text.prvResetNextTaskUnblockTime
                0x000006b8       0x54 Services/FreeRTOS/src/tasks.o
 .text.prvAllocateTCBAndStack
                0x0000070c       0x50 Services/FreeRTOS/src/tasks.o
 .text.prvDeleteTCB
                0x0000075c       0x1a Services/FreeRTOS/src/tasks.o
 .text.prvInitialiseTCBVariables
                0x00000776       0x76 Services/FreeRTOS/src/tasks.o
 .text.prvInitialiseTaskLists
                0x000007ec       0x58 Services/FreeRTOS/src/tasks.o
 .text.prvAddCurrentTaskToDelayedList
                0x00000844       0x9c Services/FreeRTOS/src/tasks.o
 .text.xTaskGenericCreate
                0x000008e0      0x152 Services/FreeRTOS/src/tasks.o
                0x000008e0                xTaskGenericCreate
 .text.vTaskStartScheduler
                0x00000a32       0x5e Services/FreeRTOS/src/tasks.o
                0x00000a32                vTaskStartScheduler
 .text.vTaskSuspendAll
                0x00000a90        0xc Services/FreeRTOS/src/tasks.o
                0x00000a90                vTaskSuspendAll
 .text.xTaskIncrementTick
                0x00000a9c      0x15a Services/FreeRTOS/src/tasks.o
                0x00000a9c                xTaskIncrementTick
 .text.xTaskResumeAll
                0x00000bf6       0xc6 Services/FreeRTOS/src/tasks.o
                0x00000bf6                xTaskResumeAll
 .text.vTaskDelay
                0x00000cbc       0x60 Services/FreeRTOS/src/tasks.o
                0x00000cbc                vTaskDelay
 .text.prvCheckTasksWaitingTermination
                0x00000d1c       0x5c Services/FreeRTOS/src/tasks.o
 .text.prvIdleTask
                0x00000d78        0xa Services/FreeRTOS/src/tasks.o
 .text.vTaskSwitchContext
                0x00000d82       0x9c Services/FreeRTOS/src/tasks.o
                0x00000d82                vTaskSwitchContext
                0x00000e1e                . = ALIGN (0x2)
 *(.fini9)
 .fini9         0x00000e1e        0x0 c:/program files (x86)/atmel/studio/7.0/toolchain/avr8/avr8-gnu-toolchain/bin/../lib/gcc/avr/5.4.0/avr5\libgcc.a(_exit.o)
                0x00000e1e                _exit
                0x00000e1e                exit
 *(.fini9)
 *(.fini8)
 *(.fini8)
 *(.fini7)
 *(.fini7)
 *(.fini6)
 *(.fini6)
 *(.fini5)
 *(.fini5)
 *(.fini4)
 *(.fini4)
 *(.fini3)
 *(.fini3)
 *(.fini2)
 *(.fini2)
 *(.fini1)
 *(.fini1)
 *(.fini0)
 .fini0         0x00000e1e        0x4 c:/program files (x86)/atmel/studio/7.0/toolchain/avr8/avr8-gnu-toolchain/bin/../lib/gcc/avr/5.4.0/avr5\libgcc.a(_exit.o)
 *(.fini0)
                0x00000e22                _etext = .

.data           0x00800060       0x12 load address 0x00000e22
                0x00800060                PROVIDE (__data_start, .)
 *(.data)
 *(.data*)
 .data.xNextTaskUnblockTime
                0x00800060        0x4 Services/FreeRTOS/src/tasks.o
 *(.gnu.linkonce.d*)
 *(.rodata)
 *(.rodata*)
 .rodata.str1.1
                0x00800064        0x5 main.o
 .rodata.au8PortsBaseAddressLUT
                0x00800069        0x4 MCAL/DIO/DIO.o
 .rodata.str1.1
                0x0080006d        0x5 Services/FreeRTOS/src/tasks.o
 *(.gnu.linkonce.r*)
                0x00800072                . = ALIGN (0x2)
                0x00800072                _edata = .
                0x00800072                PROVIDE (__data_end, .)

.bss            0x00800072      0x4a6
                0x00800072                PROVIDE (__bss_start, .)
 *(.bss)
 *(.bss*)
 .bss.aenuDIOPinState
                0x00800072       0x20 MCAL/DIO/DIO.o
 .bss.I2C_Callback
                0x00800092        0x2 MCAL/I2C/I2C.o
                0x00800092                I2C_Callback
 .bss.TXC_Callback
                0x00800094        0x2 MCAL/UART/UART.o
                0x00800094                TXC_Callback
 .bss.RXC_Callback
                0x00800096        0x2 MCAL/UART/UART.o
                0x00800096                RXC_Callback
 .bss.pucAlignedHeap.1980
                0x00800098        0x2 Services/FreeRTOS/src/heap_1.o
 .bss.xNextFreeByte
                0x0080009a        0x2 Services/FreeRTOS/src/heap_1.o
 .bss.ucHeap    0x0080009c      0x3e8 Services/FreeRTOS/src/heap_1.o
 .bss.uxSchedulerSuspended
                0x00800484        0x1 Services/FreeRTOS/src/tasks.o
 .bss.uxTaskNumber
                0x00800485        0x1 Services/FreeRTOS/src/tasks.o
 .bss.xNumOfOverflows
                0x00800486        0x1 Services/FreeRTOS/src/tasks.o
 .bss.xYieldPending
                0x00800487        0x1 Services/FreeRTOS/src/tasks.o
 .bss.uxPendedTicks
                0x00800488        0x1 Services/FreeRTOS/src/tasks.o
 .bss.xSchedulerRunning
                0x00800489        0x1 Services/FreeRTOS/src/tasks.o
 .bss.uxTopReadyPriority
                0x0080048a        0x1 Services/FreeRTOS/src/tasks.o
 .bss.xTickCount
                0x0080048b        0x4 Services/FreeRTOS/src/tasks.o
 .bss.uxCurrentNumberOfTasks
                0x0080048f        0x1 Services/FreeRTOS/src/tasks.o
 .bss.uxTasksDeleted
                0x00800490        0x1 Services/FreeRTOS/src/tasks.o
 .bss.xTasksWaitingTermination
                0x00800491        0xb Services/FreeRTOS/src/tasks.o
 .bss.xPendingReadyList
                0x0080049c        0xb Services/FreeRTOS/src/tasks.o
 .bss.pxOverflowDelayedTaskList
                0x008004a7        0x2 Services/FreeRTOS/src/tasks.o
 .bss.pxDelayedTaskList
                0x008004a9        0x2 Services/FreeRTOS/src/tasks.o
 .bss.xDelayedTaskList2
                0x008004ab        0xb Services/FreeRTOS/src/tasks.o
 .bss.xDelayedTaskList1
                0x008004b6        0xb Services/FreeRTOS/src/tasks.o
 .bss.pxReadyTasksLists
                0x008004c1       0x4d Services/FreeRTOS/src/tasks.o
 .bss.pxCurrentTCB
                0x0080050e        0x2 Services/FreeRTOS/src/tasks.o
                0x0080050e                pxCurrentTCB
 *(COMMON)
 COMMON         0x00800510        0x8 main.o
                0x00800510                th_Keypad_Task
                0x00800512                th_test
                0x00800514                th_Display_Task
                0x00800516                th_LED_Task
                0x00800518                PROVIDE (__bss_end, .)
                0x00000e22                __data_load_start = LOADADDR (.data)
                0x00000e34                __data_load_end = (__data_load_start + SIZEOF (.data))

.noinit         0x00800518        0x0
                [!provide]                PROVIDE (__noinit_start, .)
 *(.noinit*)
                [!provide]                PROVIDE (__noinit_end, .)
                0x00800518                _end = .
                [!provide]                PROVIDE (__heap_start, .)

.eeprom         0x00810000        0x0
 *(.eeprom*)
                0x00810000                __eeprom_end = .

.fuse
 *(.fuse)
 *(.lfuse)
 *(.hfuse)
 *(.efuse)

.lock
 *(.lock*)

.signature
 *(.signature*)

.user_signatures
 *(.user_signatures*)

.stab
 *(.stab)

.stabstr
 *(.stabstr)

.stab.excl
 *(.stab.excl)

.stab.exclstr
 *(.stab.exclstr)

.stab.index
 *(.stab.index)

.stab.indexstr
 *(.stab.indexstr)

.comment        0x00000000       0x30
 *(.comment)
 .comment       0x00000000       0x30 main.o
                                 0x31 (size before relaxing)
 .comment       0x00000030       0x31 MCAL/DIO/DIO.o
 .comment       0x00000030       0x31 MCAL/I2C/I2C.o
 .comment       0x00000030       0x31 MCAL/UART/UART.o
 .comment       0x00000030       0x31 Services/FreeRTOS/src/heap_1.o
 .comment       0x00000030       0x31 Services/FreeRTOS/src/list.o
 .comment       0x00000030       0x31 Services/FreeRTOS/src/port.o
 .comment       0x00000030       0x31 Services/FreeRTOS/src/tasks.o

.note.gnu.avr.deviceinfo
                0x00000000       0x3c
 .note.gnu.avr.deviceinfo
                0x00000000       0x3c C:/Program Files (x86)/Atmel/Studio/7.0/Packs/atmel/ATmega_DFP/1.6.364/gcc/dev/atmega32/avr5/crtatmega32.o

.note.gnu.build-id
 *(.note.gnu.build-id)

.debug
 *(.debug)

.line
 *(.line)

.debug_srcinfo
 *(.debug_srcinfo)

.debug_sfnames
 *(.debug_sfnames)

.debug_aranges  0x00000000      0x398
 *(.debug_aranges)
 .debug_aranges
                0x00000000       0x28 main.o
 .debug_aranges
                0x00000028       0x58 MCAL/DIO/DIO.o
 .debug_aranges
                0x00000080       0x98 MCAL/I2C/I2C.o
 .debug_aranges
                0x00000118       0x90 MCAL/UART/UART.o
 .debug_aranges
                0x000001a8       0x38 Services/FreeRTOS/src/heap_1.o
 .debug_aranges
                0x000001e0       0x40 Services/FreeRTOS/src/list.o
 .debug_aranges
                0x00000220       0x50 Services/FreeRTOS/src/port.o
 .debug_aranges
                0x00000270      0x128 Services/FreeRTOS/src/tasks.o

.debug_pubnames
 *(.debug_pubnames)

.debug_info     0x00000000     0x3203
 *(.debug_info .gnu.linkonce.wi.*)
 .debug_info    0x00000000      0x4e6 C:/Program Files (x86)/Atmel/Studio/7.0/Packs/atmel/ATmega_DFP/1.6.364/gcc/dev/atmega32/avr5/crtatmega32.o
 .debug_info    0x000004e6      0x391 main.o
 .debug_info    0x00000877      0x526 MCAL/DIO/DIO.o
 .debug_info    0x00000d9d      0x55c MCAL/I2C/I2C.o
 .debug_info    0x000012f9      0x3c3 MCAL/UART/UART.o
 .debug_info    0x000016bc      0x1a4 Services/FreeRTOS/src/heap_1.o
 .debug_info    0x00001860      0x2c3 Services/FreeRTOS/src/list.o
 .debug_info    0x00001b23      0x24e Services/FreeRTOS/src/port.o
 .debug_info    0x00001d71     0x1492 Services/FreeRTOS/src/tasks.o

.debug_abbrev   0x00000000      0xfb7
 *(.debug_abbrev)
 .debug_abbrev  0x00000000      0x4a3 C:/Program Files (x86)/Atmel/Studio/7.0/Packs/atmel/ATmega_DFP/1.6.364/gcc/dev/atmega32/avr5/crtatmega32.o
 .debug_abbrev  0x000004a3      0x110 main.o
 .debug_abbrev  0x000005b3       0xc7 MCAL/DIO/DIO.o
 .debug_abbrev  0x0000067a      0x1c5 MCAL/I2C/I2C.o
 .debug_abbrev  0x0000083f      0x183 MCAL/UART/UART.o
 .debug_abbrev  0x000009c2      0x11c Services/FreeRTOS/src/heap_1.o
 .debug_abbrev  0x00000ade       0xf8 Services/FreeRTOS/src/list.o
 .debug_abbrev  0x00000bd6      0x15d Services/FreeRTOS/src/port.o
 .debug_abbrev  0x00000d33      0x284 Services/FreeRTOS/src/tasks.o

.debug_line     0x00000000     0x1e14
 *(.debug_line .debug_line.* .debug_line_end)
 .debug_line    0x00000000      0x116 C:/Program Files (x86)/Atmel/Studio/7.0/Packs/atmel/ATmega_DFP/1.6.364/gcc/dev/atmega32/avr5/crtatmega32.o
 .debug_line    0x00000116      0x103 main.o
 .debug_line    0x00000219      0x1f5 MCAL/DIO/DIO.o
 .debug_line    0x0000040e      0x4a7 MCAL/I2C/I2C.o
 .debug_line    0x000008b5      0x339 MCAL/UART/UART.o
 .debug_line    0x00000bee      0x1cc Services/FreeRTOS/src/heap_1.o
 .debug_line    0x00000dba      0x1f8 Services/FreeRTOS/src/list.o
 .debug_line    0x00000fb2      0x2cb Services/FreeRTOS/src/port.o
 .debug_line    0x0000127d      0xb97 Services/FreeRTOS/src/tasks.o

.debug_frame    0x00000000      0xa4c
 *(.debug_frame)
 .debug_frame   0x00000000       0x34 main.o
 .debug_frame   0x00000034       0x94 MCAL/DIO/DIO.o
 .debug_frame   0x000000c8      0x19c MCAL/I2C/I2C.o
 .debug_frame   0x00000264      0x1c4 MCAL/UART/UART.o
 .debug_frame   0x00000428       0x60 Services/FreeRTOS/src/heap_1.o
 .debug_frame   0x00000488       0x90 Services/FreeRTOS/src/list.o
 .debug_frame   0x00000518       0xcc Services/FreeRTOS/src/port.o
 .debug_frame   0x000005e4      0x468 Services/FreeRTOS/src/tasks.o

.debug_str      0x00000000     0x13b6
 *(.debug_str)
 .debug_str     0x00000000      0x196 C:/Program Files (x86)/Atmel/Studio/7.0/Packs/atmel/ATmega_DFP/1.6.364/gcc/dev/atmega32/avr5/crtatmega32.o
 .debug_str     0x00000196      0x31a main.o
                                0x358 (size before relaxing)
 .debug_str     0x000004b0      0x203 MCAL/DIO/DIO.o
                                0x4cc (size before relaxing)
 .debug_str     0x000006b3      0x1da MCAL/I2C/I2C.o
                                0x372 (size before relaxing)
 .debug_str     0x0000088d      0x1a8 MCAL/UART/UART.o
                                0x34a (size before relaxing)
 .debug_str     0x00000a35       0xc3 Services/FreeRTOS/src/heap_1.o
                                0x22b (size before relaxing)
 .debug_str     0x00000af8      0x154 Services/FreeRTOS/src/list.o
                                0x2b1 (size before relaxing)
 .debug_str     0x00000c4c      0x12c Services/FreeRTOS/src/port.o
                                0x2b3 (size before relaxing)
 .debug_str     0x00000d78      0x63e Services/FreeRTOS/src/tasks.o
                                0x9f3 (size before relaxing)

.debug_loc      0x00000000     0x2876
 *(.debug_loc)
 .debug_loc     0x00000000       0x49 main.o
 .debug_loc     0x00000049      0x3c2 MCAL/DIO/DIO.o
 .debug_loc     0x0000040b      0x576 MCAL/I2C/I2C.o
 .debug_loc     0x00000981      0x47d MCAL/UART/UART.o
 .debug_loc     0x00000dfe       0xf1 Services/FreeRTOS/src/heap_1.o
 .debug_loc     0x00000eef      0x17d Services/FreeRTOS/src/list.o
 .debug_loc     0x0000106c      0x36b Services/FreeRTOS/src/port.o
 .debug_loc     0x000013d7     0x149f Services/FreeRTOS/src/tasks.o

.debug_macinfo
 *(.debug_macinfo)

.debug_weaknames
 *(.debug_weaknames)

.debug_funcnames
 *(.debug_funcnames)

.debug_typenames
 *(.debug_typenames)

.debug_varnames
 *(.debug_varnames)

.debug_pubtypes
 *(.debug_pubtypes)

.debug_ranges   0x00000000      0x350
 *(.debug_ranges)
 .debug_ranges  0x00000000       0x18 main.o
 .debug_ranges  0x00000018       0x48 MCAL/DIO/DIO.o
 .debug_ranges  0x00000060       0xa0 MCAL/I2C/I2C.o
 .debug_ranges  0x00000100       0x80 MCAL/UART/UART.o
 .debug_ranges  0x00000180       0x28 Services/FreeRTOS/src/heap_1.o
 .debug_ranges  0x000001a8       0x30 Services/FreeRTOS/src/list.o
 .debug_ranges  0x000001d8       0x40 Services/FreeRTOS/src/port.o
 .debug_ranges  0x00000218      0x138 Services/FreeRTOS/src/tasks.o

.debug_macro
 *(.debug_macro)
OUTPUT(M2M_Master.elf elf32-avr)
LOAD linker stubs
